Archive member included to satisfy reference by file (symbol)

c:/nxp/mcuxpressoide_11.9.0_2144/ide/plugins/com.nxp.mcuxpresso.tools.win32_11.9.0.202307121226/tools/bin/../lib/gcc/arm-none-eabi/12.3.1/thumb/v6-m/nofp\libm.a(libm_a-s_round.o)
                              ./framework/XCVR/MKW41Z4/fsl_xcvr.o (round)
c:/nxp/mcuxpressoide_11.9.0_2144/ide/plugins/com.nxp.mcuxpresso.tools.win32_11.9.0.202307121226/tools/bin/../lib/gcc/arm-none-eabi/12.3.1/thumb/v6-m/nofp\libm.a(libm_a-s_trunc.o)
                              ./framework/XCVR/MKW41Z4/fsl_xcvr.o (trunc)
c:/nxp/mcuxpressoide_11.9.0_2144/ide/plugins/com.nxp.mcuxpresso.tools.win32_11.9.0.202307121226/tools/bin/../lib/gcc/arm-none-eabi/12.3.1/thumb/v6-m/nofp\libm.a(libm_a-sf_round.o)
                              ./framework/XCVR/MKW41Z4/fsl_xcvr_trim.o (roundf)
c:/nxp/mcuxpressoide_11.9.0_2144/ide/plugins/com.nxp.mcuxpresso.tools.win32_11.9.0.202307121226/tools/bin/../lib/gcc/arm-none-eabi/12.3.1/thumb/v6-m/nofp\libc.a(libc_a-exit.o)
                              c:/nxp/mcuxpressoide_11.9.0_2144/ide/plugins/com.nxp.mcuxpresso.tools.win32_11.9.0.202307121226/tools/bin/../lib/gcc/arm-none-eabi/12.3.1/thumb/v6-m/nofp/crt0.o (exit)
c:/nxp/mcuxpressoide_11.9.0_2144/ide/plugins/com.nxp.mcuxpresso.tools.win32_11.9.0.202307121226/tools/bin/../lib/gcc/arm-none-eabi/12.3.1/thumb/v6-m/nofp\libc.a(libc_a-findfp.o)
                              c:/nxp/mcuxpressoide_11.9.0_2144/ide/plugins/com.nxp.mcuxpresso.tools.win32_11.9.0.202307121226/tools/bin/../lib/gcc/arm-none-eabi/12.3.1/thumb/v6-m/nofp\libc.a(libc_a-exit.o) (__stdio_exit_handler)
c:/nxp/mcuxpressoide_11.9.0_2144/ide/plugins/com.nxp.mcuxpresso.tools.win32_11.9.0.202307121226/tools/bin/../lib/gcc/arm-none-eabi/12.3.1/thumb/v6-m/nofp\libc.a(libc_a-fwalk.o)
                              c:/nxp/mcuxpressoide_11.9.0_2144/ide/plugins/com.nxp.mcuxpresso.tools.win32_11.9.0.202307121226/tools/bin/../lib/gcc/arm-none-eabi/12.3.1/thumb/v6-m/nofp\libc.a(libc_a-findfp.o) (_fwalk_sglue)
c:/nxp/mcuxpressoide_11.9.0_2144/ide/plugins/com.nxp.mcuxpresso.tools.win32_11.9.0.202307121226/tools/bin/../lib/gcc/arm-none-eabi/12.3.1/thumb/v6-m/nofp\libc.a(libc_a-stdio.o)
                              c:/nxp/mcuxpressoide_11.9.0_2144/ide/plugins/com.nxp.mcuxpresso.tools.win32_11.9.0.202307121226/tools/bin/../lib/gcc/arm-none-eabi/12.3.1/thumb/v6-m/nofp\libc.a(libc_a-findfp.o) (__sread)
c:/nxp/mcuxpressoide_11.9.0_2144/ide/plugins/com.nxp.mcuxpresso.tools.win32_11.9.0.202307121226/tools/bin/../lib/gcc/arm-none-eabi/12.3.1/thumb/v6-m/nofp\libc.a(libc_a-memset.o)
                              c:/nxp/mcuxpressoide_11.9.0_2144/ide/plugins/com.nxp.mcuxpresso.tools.win32_11.9.0.202307121226/tools/bin/../lib/gcc/arm-none-eabi/12.3.1/thumb/v6-m/nofp/crt0.o (memset)
c:/nxp/mcuxpressoide_11.9.0_2144/ide/plugins/com.nxp.mcuxpresso.tools.win32_11.9.0.202307121226/tools/bin/../lib/gcc/arm-none-eabi/12.3.1/thumb/v6-m/nofp\libc.a(libc_a-strncpy.o)
                              ./source/mwa_end_device.o (strncpy)
c:/nxp/mcuxpressoide_11.9.0_2144/ide/plugins/com.nxp.mcuxpresso.tools.win32_11.9.0.202307121226/tools/bin/../lib/gcc/arm-none-eabi/12.3.1/thumb/v6-m/nofp\libc.a(libc_a-closer.o)
                              c:/nxp/mcuxpressoide_11.9.0_2144/ide/plugins/com.nxp.mcuxpresso.tools.win32_11.9.0.202307121226/tools/bin/../lib/gcc/arm-none-eabi/12.3.1/thumb/v6-m/nofp\libc.a(libc_a-stdio.o) (_close_r)
c:/nxp/mcuxpressoide_11.9.0_2144/ide/plugins/com.nxp.mcuxpresso.tools.win32_11.9.0.202307121226/tools/bin/../lib/gcc/arm-none-eabi/12.3.1/thumb/v6-m/nofp\libc.a(libc_a-reent.o)
                              c:/nxp/mcuxpressoide_11.9.0_2144/ide/plugins/com.nxp.mcuxpresso.tools.win32_11.9.0.202307121226/tools/bin/../lib/gcc/arm-none-eabi/12.3.1/thumb/v6-m/nofp\libc.a(libc_a-closer.o) (errno)
c:/nxp/mcuxpressoide_11.9.0_2144/ide/plugins/com.nxp.mcuxpresso.tools.win32_11.9.0.202307121226/tools/bin/../lib/gcc/arm-none-eabi/12.3.1/thumb/v6-m/nofp\libc.a(libc_a-impure.o)
                              c:/nxp/mcuxpressoide_11.9.0_2144/ide/plugins/com.nxp.mcuxpresso.tools.win32_11.9.0.202307121226/tools/bin/../lib/gcc/arm-none-eabi/12.3.1/thumb/v6-m/nofp\libc.a(libc_a-reent.o) (_impure_ptr)
c:/nxp/mcuxpressoide_11.9.0_2144/ide/plugins/com.nxp.mcuxpresso.tools.win32_11.9.0.202307121226/tools/bin/../lib/gcc/arm-none-eabi/12.3.1/thumb/v6-m/nofp\libc.a(libc_a-lseekr.o)
                              c:/nxp/mcuxpressoide_11.9.0_2144/ide/plugins/com.nxp.mcuxpresso.tools.win32_11.9.0.202307121226/tools/bin/../lib/gcc/arm-none-eabi/12.3.1/thumb/v6-m/nofp\libc.a(libc_a-stdio.o) (_lseek_r)
c:/nxp/mcuxpressoide_11.9.0_2144/ide/plugins/com.nxp.mcuxpresso.tools.win32_11.9.0.202307121226/tools/bin/../lib/gcc/arm-none-eabi/12.3.1/thumb/v6-m/nofp\libc.a(libc_a-readr.o)
[...]
Memory Configuration

Name             Origin             Length             Attributes
TEXT_region1     0x00000000         0x00000400         xr
m_flash_config_region 0x00000400         0x00000010         xr
TEXT_region2     0x00000411         0x0007d3ee         xr
NVM_region       0x0007d800         0x00001fff         rw
DATA1_region     0x1fff8000         0x00008000         rw
DATA2_region     0x20000000         0x00018000         rw
PRODUCT_INFO_region 0x0007f800         0x000007ff         xr
*default*        0x00000000         0xffffffff

Linker script and memory map

LOAD c:/nxp/mcuxpressoide_11.9.0_2144/ide/plugins/com.nxp.mcuxpresso.tools.win32_11.9.0.202307121226/tools/bin/../lib/gcc/arm-none-eabi/12.3.1/thumb/v6-m/nofp/crti.o
LOAD c:/nxp/mcuxpressoide_11.9.0_2144/ide/plugins/com.nxp.mcuxpresso.tools.win32_11.9.0.202307121226/tools/bin/../lib/gcc/arm-none-eabi/12.3.1/thumb/v6-m/nofp/crtbegin.o
LOAD c:/nxp/mcuxpressoide_11.9.0_2144/ide/plugins/com.nxp.mcuxpresso.tools.win32_11.9.0.202307121226/tools/bin/../lib/gcc/arm-none-eabi/12.3.1/thumb/v6-m/nofp/crt0.o
LOAD ./utilities/fsl_debug_console.o
LOAD ./startup/startup_MKW41Z4.o
LOAD ./source/MyNewTask.o
LOAD ./source/mtb.o
LOAD ./source/mwa_end_device.o
LOAD ./source/semihost_hardfault.o
LOAD ./ieee_802.15.4/phy/source/MKW41Z/ASP.o
LOAD ./ieee_802.15.4/phy/source/MKW41Z/MPM.o
LOAD ./ieee_802.15.4/phy/source/MKW41Z/PhyISR.o
LOAD ./ieee_802.15.4/phy/source/MKW41Z/PhyPacketProcessor.o
LOAD ./ieee_802.15.4/phy/source/MKW41Z/PhyPlmeData.o
LOAD ./ieee_802.15.4/phy/source/MKW41Z/PhyStateMachine.o
LOAD ./ieee_802.15.4/phy/source/MKW41Z/PhyTime.o
LOAD ./ieee_802.15.4/mac/source/App/FsciAspCommands.o
LOAD ./ieee_802.15.4/mac/source/App/FsciMacCommands.o
LOAD ./ieee_802.15.4/mac/source/App/MacGlobals.o
LOAD ./framework/XCVR/MKW41Z4/cfgs_kw4x_3x_2x/fsl_xcvr_ant_config.o
LOAD ./framework/XCVR/MKW41Z4/cfgs_kw4x_3x_2x/fsl_xcvr_ble_config.o
LOAD ./framework/XCVR/MKW41Z4/cfgs_kw4x_3x_2x/fsl_xcvr_common_config.o
LOAD ./framework/XCVR/MKW41Z4/cfgs_kw4x_3x_2x/fsl_xcvr_gfsk_bt_0p3_h_0p5_config.o
LOAD ./framework/XCVR/MKW41Z4/cfgs_kw4x_3x_2x/fsl_xcvr_gfsk_bt_0p5_h_0p32_config.o
LOAD ./framework/XCVR/MKW41Z4/cfgs_kw4x_3x_2x/fsl_xcvr_gfsk_bt_0p5_h_0p5_config.o
LOAD ./framework/XCVR/MKW41Z4/cfgs_kw4x_3x_2x/fsl_xcvr_gfsk_bt_0p5_h_0p7_config.o
LOAD ./framework/XCVR/MKW41Z4/cfgs_kw4x_3x_2x/fsl_xcvr_gfsk_bt_0p5_h_1p0_config.o
LOAD ./framework/XCVR/MKW41Z4/cfgs_kw4x_3x_2x/fsl_xcvr_gfsk_bt_0p7_h_0p5_config.o
LOAD ./framework/XCVR/MKW41Z4/cfgs_kw4x_3x_2x/fsl_xcvr_mode_datarate_config.o
LOAD ./framework/XCVR/MKW41Z4/cfgs_kw4x_3x_2x/fsl_xcvr_msk_config.o
LOAD ./framework/XCVR/MKW41Z4/cfgs_kw4x_3x_2x/fsl_xcvr_zgbe_config.o
LOAD ./framework/XCVR/MKW41Z4/dbg_ram_capture.o
LOAD ./framework/XCVR/MKW41Z4/fsl_xcvr.o
LOAD ./framework/XCVR/MKW41Z4/fsl_xcvr_trim.o
LOAD ./framework/XCVR/MKW41Z4/ifr_radio.o
LOAD ./framework/TimersManager/Source/TMR_Adapter.o
LOAD ./framework/TimersManager/Source/TimersManager.o
LOAD ./framework/SerialManager/Source/UART_Adapter/UART_Adapter.o
LOAD ./framework/SerialManager/Source/SPI_Adapter/SPI_Adapter.o
LOAD ./framework/SerialManager/Source/I2C_Adapter/I2C_Adapter.o
LOAD ./framework/SerialManager/Source/SerialManager.o
LOAD ./framework/SecLib/SecLib.o
LOAD ./framework/Reset/Reset.o
LOAD ./framework/RNG/Source/RNG.o
LOAD ./framework/Panic/Source/Panic.o
LOAD ./framework/OSAbstraction/Source/fsl_os_abstraction_bm.o
LOAD ./framework/NVM/Source/NV_Flash.o
LOAD ./framework/NVM/Source/NV_FsciCommands.o
LOAD ./framework/ModuleInfo/ModuleInfo.o
LOAD ./framework/Messaging/Source/Messaging.o
LOAD ./framework/MemManager/Source/MemManager.o
LOAD ./framework/MWSCoexistence/Source/MWS.o
LOAD ./framework/LowPower/Source/MKW41Z/PWR.o
LOAD ./framework/LowPower/Source/MKW41Z/PWRLib.o
LOAD ./framework/Lists/GenericList.o
LOAD ./framework/LED/Source/LED.o
LOAD ./framework/Keyboard/Source/Keyboard.o
LOAD ./framework/GPIO/GPIO_Adapter.o
LOAD ./framework/FunctionLib/FunctionLib.o
LOAD ./framework/Flash/Internal/Flash_Adapter.o
LOAD ./framework/DCDC/Source/DCDC.o
LOAD ./drivers/fsl_adc16.o
LOAD ./drivers/fsl_clock.o
LOAD ./drivers/fsl_common.o
LOAD ./drivers/fsl_dspi.o
LOAD ./drivers/fsl_flash.o
LOAD ./drivers/fsl_gpio.o
LOAD ./drivers/fsl_i2c.o
LOAD ./drivers/fsl_llwu.o
LOAD ./drivers/fsl_lptmr.o
LOAD ./drivers/fsl_lpuart.o
LOAD ./drivers/fsl_ltc.o
LOAD ./drivers/fsl_pmc.o
LOAD ./drivers/fsl_rtc.o
LOAD ./drivers/fsl_smc.o
LOAD ./drivers/fsl_tpm.o
LOAD ./drivers/fsl_trng.o
LOAD ./drivers/fsl_tsi_v4.o
LOAD ./board/board.o
LOAD ./board/clock_config.o
LOAD ./board/gpio_pins.o
LOAD ./board/pin_mux.o
LOAD ./CMSIS/system_MKW41Z4.o
LOAD c:/nxp/mcuxpressoide_11.9.0_2144/ide/plugins/com.nxp.mcuxpresso.tools.win32_11.9.0.202307121226/tools/bin/../lib/gcc/arm-none-eabi/12.3.1/thumb/v6-m/nofp\libm.a
LOAD c:/nxp/mcuxpressoide_11.9.0_2144/ide/plugins/com.nxp.mcuxpresso.tools.win32_11.9.0.202307121226/tools/bin/../lib/gcc/arm-none-eabi/12.3.1/thumb/v6-m/nofp\libc.a
LOAD c:/nxp/mcuxpressoide_11.9.0_2144/ide/plugins/com.nxp.mcuxpresso.tools.win32_11.9.0.202307121226/tools/bin/../lib/gcc/arm-none-eabi/12.3.1/thumb/v6-m/nofp\libgcc.a
LOAD c:/nxp/mcuxpressoide_11.9.0_2144/ide/plugins/com.nxp.mcuxpresso.tools.win32_11.9.0.202307121226/tools/bin/../lib/gcc/arm-none-eabi/12.3.1/thumb/v6-m/nofp\libnosys.a
LOAD C:\Users\diego\Documents\MCUXpressoIDE_11.9.0_2144\redes\frdmkw41z_wireless_examples_ieee_802_15_4_mwa_end_device_bm\libs\lib_crypto_m0.a
LOAD C:\Users\diego\Documents\MCUXpressoIDE_11.9.0_2144\redes\frdmkw41z_wireless_examples_ieee_802_15_4_mwa_end_device_bm\libs\lib802.15.4_mac_06_cm0.a
START GROUP
LOAD c:/nxp/mcuxpressoide_11.9.0_2144/ide/plugins/com.nxp.mcuxpresso.tools.win32_11.9.0.202307121226/tools/bin/../lib/gcc/arm-none-eabi/12.3.1/thumb/v6-m/nofp\libgcc.a
LOAD c:/nxp/mcuxpressoide_11.9.0_2144/ide/plugins/com.nxp.mcuxpresso.tools.win32_11.9.0.202307121226/tools/bin/../lib/gcc/arm-none-eabi/12.3.1/thumb/v6-m/nofp\libc.a
END GROUP
LOAD c:/nxp/mcuxpressoide_11.9.0_2144/ide/plugins/com.nxp.mcuxpresso.tools.win32_11.9.0.202307121226/tools/bin/../lib/gcc/arm-none-eabi/12.3.1/thumb/v6-m/nofp/crtend.o
LOAD c:/nxp/mcuxpressoide_11.9.0_2144/ide/plugins/com.nxp.mcuxpresso.tools.win32_11.9.0.202307121226/tools/bin/../lib/gcc/arm-none-eabi/12.3.1/thumb/v6-m/nofp/crtn.o
                0x00000001                        gUseNVMLink_d = DEFINED (gUseNVMLink_d)?gUseNVMLink_d:0x1
                0x00000004                        gNVMSectorCountLink_d = DEFINED (gNVMSectorCountLink_d)?gNVMSectorCountLink_d:0x4
                0x00000001                        __ram_vector_table__ = DEFINED (__ram_vector_table__)?__ram_vector_table__:0x1
                0x00000000                        __region_ROM_start__ = 0x0
                0x0007ffff                        __region_ROM_end__ = 0x7ffff
                0x1fff8000                        __region_RAM1_start__ = 0x1fff8000
                0x1fffffff                        __region_RAM1_end__ = 0x1fffffff
                0x20000000                        __region_RAM2_start__ = 0x20000000
                0x20017fff                        __region_RAM2_end__ = 0x20017fff
                0x000000c0                        __vector_table_size__ = 0xc0
                0x000000c0                        __ram_vector_table_size__ = DEFINED (__ram_vector_table__)?__vector_table_size__:0x0
                0x1fff8000                        _RAM_START_ = __region_RAM1_start__
                0x20017fff                        _RAM_END_ = __region_RAM2_end__
                0x00000000                        m_interrupts_start = __region_ROM_start__
                0x000000bf                        m_interrupts_end = ((m_interrupts_start + __vector_table_size__) - 0x1)
                0x00000400                        m_flash_config_start = 0x400
                0x00000410                        m_flash_config_end = 0x410
                0x00000800                        m_sector_size = 0x800
                0x00000200                        __size_cstack__ = DEFINED (__stack_size__)?__stack_size__:0x200
                0x00000000                        __size_heap__ = DEFINED (__heap_size__)?__heap_size__:0x0
                0x0007f800                        m_fsl_prodInfo_start = ((__region_ROM_end__ - m_sector_size) + 0x1)
                0x0007ffff                        m_fsl_prodInfo_end = __region_ROM_end__
                0x0007f800                        FREESCALE_PROD_DATA_BASE_ADDR = m_fsl_prodInfo_start
                0x00000800                        NV_STORAGE_SECTOR_SIZE = m_sector_size
                0x00000004                        NV_STORAGE_MAX_SECTORS = gNVMSectorCountLink_d
                0x0007f7ff                        NV_STORAGE_START_ADDRESS = (m_fsl_prodInfo_start - 0x1)
                0x0007d800                        NV_STORAGE_END_ADDRESS = ((NV_STORAGE_START_ADDRESS - (NV_STORAGE_MAX_SECTORS * NV_STORAGE_SECTOR_SIZE)) + 0x1)
                0x00000800                        NV_STORAGE_SECTOR_SIZE_C = m_sector_size
                0x00000004                        NV_STORAGE_MAX_SECTORS_C = gNVMSectorCountLink_d
                0x0007f7ff                        NV_STORAGE_START_ADDRESS_C = (m_fsl_prodInfo_start - 0x1)
                0x0007d800                        NV_STORAGE_END_ADDRESS_C = ((NV_STORAGE_START_ADDRESS_C - (NV_STORAGE_MAX_SECTORS_C * NV_STORAGE_SECTOR_SIZE_C)) + 0x1)
                0x00000000                        m_text_start = m_interrupts_start
                0x0007d7ff                        m_text_end = (NV_STORAGE_END_ADDRESS_C - 0x1)
                0x20000000                        m_interrupts_ram_start = __region_RAM2_start__
                0x200000bf                        m_interrupts_ram_end = ((m_interrupts_ram_start + __ram_vector_table_size__) - 0x1)
                0x20017fff                        __CSTACK_end__ = __region_RAM2_end__
                0x20017dff                        __CSTACK_start__ = (__CSTACK_end__ - __size_cstack__)
                0x20017dfe                        __HEAP_end__ = (__CSTACK_start__ - 0x1)
                0x20017dfa                        __HEAP_start__ = ((__HEAP_end__ - __size_heap__) - 0x4)
                0x1fff8000                        m_data1_start = __region_RAM1_start__
                0x1fffffff                        m_data1_end = __region_RAM1_end__
                0x20000000                        m_data2_start = m_interrupts_ram_start
                0x20017df9                        m_data2_end = (__HEAP_start__ - 0x1)
                0x000000c0                        __RAM_VECTOR_TABLE_SIZE = __ram_vector_table_size__
                0x20017dea                        __BOOT_STACK_ADDRESS = (m_data2_end - 0xf)

.interrupts     0x00000000       0xc0
                0x00000000                        __VECTOR_TABLE = .
                0x00000000                        . = ALIGN (0x4)
 *(SORT_BY_ALIGNMENT(.isr_vector))
 .isr_vector    0x00000000       0xc0 ./startup/startup_MKW41Z4.o
                0x00000000                __isr_vector
                0x000000c0                        . = ALIGN (0x4)

.freescale_prod_data
                0x0007f800        0x0
                0x0007f800                        . = ALIGN (0x4)
 *(SORT_BY_ALIGNMENT(.FREESCALE_PROD_DATA))
                0x0007f800                        . = ALIGN (0x4)

.flash_config   0x00000400       0x10
                0x00000400                        . = ALIGN (0x4)
 *(SORT_BY_ALIGNMENT(.FlashConfig))
 .FlashConfig   0x00000400       0x10 ./startup/startup_MKW41Z4.o
                0x00000410                        . = ALIGN (0x4)

.text           0x00000414    0x1d044
                0x00000414                        . = ALIGN (0x4)
 *(SORT_BY_ALIGNMENT(.text))
 .text          0x00000414       0x80 c:/nxp/mcuxpressoide_11.9.0_2144/ide/plugins/com.nxp.mcuxpresso.tools.win32_11.9.0.202307121226/tools/bin/../lib/gcc/arm-none-eabi/12.3.1/thumb/v6-m/nofp/crt0.o
                0x00000414                _stack_init
                0x00000420                _start
                0x00000420                _mainCRTStartup
 .text          0x00000494       0xc0 ./startup/startup_MKW41Z4.o
                0x00000494                Reset_Handler
                0x000004dc                Radio_0_IRQHandler
                0x000004dc                DMA0_DriverIRQHandler
                0x000004dc                CMP0_IRQHandler
                0x000004dc                DMA2_DriverIRQHandler
                0x000004dc                LPTMR0_IRQHandler
                0x000004dc                FTFA_IRQHandler
                0x000004dc                TPM0_IRQHandler
                0x000004dc                Radio_1_IRQHandler
                0x000004dc                LLWU_IRQHandler
                0x000004dc                TSI0_IRQHandler
                0x000004dc                ADC0_IRQHandler
                0x000004dc                CMT_IRQHandler
                0x000004dc                PORTA_IRQHandler
                0x000004dc                DefaultISR
                0x000004dc                PORTB_PORTC_IRQHandler
                0x000004dc                TPM2_IRQHandler
                0x000004dc                RTC_IRQHandler
                0x000004dc                LVD_LVW_DCDC_IRQHandler
                0x000004dc                DMA3_DriverIRQHandler
                0x000004dc                RTC_Seconds_IRQHandler
                0x000004dc                MCG_IRQHandler
                0x000004dc                TRNG0_IRQHandler
                0x000004dc                Reserved20_IRQHandler
                0x000004dc                LTC0_IRQHandler
                0x000004dc                PIT_IRQHandler
                0x000004dc                TPM1_IRQHandler
                0x000004dc                DMA1_DriverIRQHandler
                0x000004dc                DAC0_IRQHandler
                0x000004e8                SVC_Handler
                0x000004ec                PendSV_Handler
                0x000004f0                SysTick_Handler
                0x000004f4                DMA0_IRQHandler
                0x000004f8                DMA1_IRQHandler
                0x000004fc                DMA2_IRQHandler
                0x00000500                DMA3_IRQHandler
                0x00000504                I2C0_IRQHandler
                0x00000508                I2C1_IRQHandler
                0x0000050c                SPI0_IRQHandler
                0x00000510                LPUART0_IRQHandler
                0x00000514                SPI1_IRQHandler
 .text          0x00000554      0x114 c:/nxp/mcuxpressoide_11.9.0_2144/ide/plugins/com.nxp.mcuxpresso.tools.win32_11.9.0.202307121226/tools/bin/../lib/gcc/arm-none-eabi/12.3.1/thumb/v6-m/nofp\libgcc.a(_udivsi3.o)
                0x00000554                __aeabi_uidiv
                0x00000554                __udivsi3
                0x00000660                __aeabi_uidivmod
 .text          0x00000668      0x1d4 c:/nxp/mcuxpressoide_11.9.0_2144/ide/plugins/com.nxp.mcuxpresso.tools.win32_11.9.0.202307121226/tools/bin/../lib/gcc/arm-none-eabi/12.3.1/thumb/v6-m/nofp\libgcc.a(_divsi3.o)
                0x00000668                __divsi3
                0x00000668                __aeabi_idiv
                0x00000834                __aeabi_idivmod
 .text          0x0000083c        0x4 c:/nxp/mcuxpressoide_11.9.0_2144/ide/plugins/com.nxp.mcuxpresso.tools.win32_11.9.0.202307121226/tools/bin/../lib/gcc/arm-none-eabi/12.3.1/thumb/v6-m/nofp\libgcc.a(_dvmd_tls.o)
                0x0000083c                __aeabi_idiv0
                0x0000083c                __aeabi_ldiv0
 .text          0x00000840       0x74 c:/nxp/mcuxpressoide_11.9.0_2144/ide/plugins/com.nxp.mcuxpresso.tools.win32_11.9.0.202307121226/tools/bin/../lib/gcc/arm-none-eabi/12.3.1/thumb/v6-m/nofp\libgcc.a(_arm_cmpsf2.o)
                0x00000840                __aeabi_cfrcmple
                0x00000848                __aeabi_cfcmpeq
                0x00000848                __aeabi_cfcmple
                0x00000858                __aeabi_fcmpeq
                0x00000864                __aeabi_fcmplt
                0x00000878                __aeabi_fcmple
                0x0000088c                __aeabi_fcmpgt
                0x000008a0                __aeabi_fcmpge
 .text          0x000008b4       0x40 c:/nxp/mcuxpressoide_11.9.0_2144/ide/plugins/com.nxp.mcuxpresso.tools.win32_11.9.0.202307121226/tools/bin/../lib/gcc/arm-none-eabi/12.3.1/thumb/v6-m/nofp\libgcc.a(_aeabi_uldivmod.o)
                0x000008b4                __aeabi_uldivmod
 .text          0x000008f4       0x3c c:/nxp/mcuxpressoide_11.9.0_2144/ide/plugins/com.nxp.mcuxpresso.tools.win32_11.9.0.202307121226/tools/bin/../lib/gcc/arm-none-eabi/12.3.1/thumb/v6-m/nofp\libgcc.a(_clzsi2.o)
                0x000008f4                __clzsi2
 .text          0x00000930       0x18 c:/nxp/mcuxpressoide_11.9.0_2144/ide/plugins/com.nxp.mcuxpresso.tools.win32_11.9.0.202307121226/tools/bin/../lib/gcc/arm-none-eabi/12.3.1/thumb/v6-m/nofp\libgcc.a(_clzdi2.o)
                0x00000930                __clzdi2
 .text          0x00000948       0x38 C:\Users\diego\Documents\MCUXpressoIDE_11.9.0_2144\redes\frdmkw41z_wireless_examples_ieee_802_15_4_mwa_end_device_bm\libs\lib_crypto_m0.a(SW_RNG.o)
                0x00000948                SecLib_set_rng_seed
                0x00000958                SecLib_get_random
 .text          0x00000980      0x530 C:\Users\diego\Documents\MCUXpressoIDE_11.9.0_2144\redes\frdmkw41z_wireless_examples_ieee_802_15_4_mwa_end_device_bm\libs\lib802.15.4_mac_06_cm0.a(MacMain.o)
                0x00000980                BindToMAC
                0x000009ac                UnBindFromMAC
                0x000009c8                MAC_EventSet
                0x000009f2                Mac_Task
                0x00000ae4                Mac_InitializeData
                0x00000b88                Mac_RegisterSapHandlers
                0x00000b9a                PD_MAC_SapHandler
                0x00000bbc                PLME_MAC_SapHandler
                0x00000bc4                NWK_MCPS_SapHandler
                0x00000c20                NWK_MLME_SapHandler
                0x00000cc8                Mlme_VerifyNwkInput
                0x00000dd4                Mac_GetState
                0x00000e3c                Dumy_MCPS_NWK_SapHandler
                0x00000e40                Dumy_MLME_NWK_SapHandler
                0x00000e4a                Mac_SetTrxLowPowerMode
                0x00000e7e                Mac_SetTrxActiveMode
 .text          0x00000eb0      0xc88 C:\Users\diego\Documents\MCUXpressoIDE_11.9.0_2144\redes\frdmkw41z_wireless_examples_ieee_802_15_4_mwa_end_device_bm\libs\lib802.15.4_mac_06_cm0.a(MacPib.o)
                0x00000eb0                macInitPIBs
                0x000011bc                macVerifySetReq
                0x000012c0                mlmeGetSetReq
                0x00001848                mlmeGetSizeOfPIB
                0x00001996                Mac_SetPhyPIBs
                0x00001ac6                Mac_SetExtendedAddress
                0x00001af4                Mac_GetExtendedAddress
 .text          0x00001b38      0x5a0 C:\Users\diego\Documents\MCUXpressoIDE_11.9.0_2144\redes\frdmkw41z_wireless_examples_ieee_802_15_4_mwa_end_device_bm\libs\lib802.15.4_mac_06_cm0.a(MacStateMachine.o)
                0x00001b38                Mac_TransactionExpire
                0x00001b44                Mac_PhyMsgHandler
                0x00001c04                Mac_NwkMsgHandler
                0x00001e38                Mac_McpsDataReqHandle
 .text          0x000020d8      0x290 C:\Users\diego\Documents\MCUXpressoIDE_11.9.0_2144\redes\frdmkw41z_wireless_examples_ieee_802_15_4_mwa_end_device_bm\libs\lib802.15.4_mac_06_cm0.a(Poll.o)
                0x000020d8                Poll_VerifyParameters
                0x00002116                Poll_InitSeq
                0x0000217e                Poll_SendStatus
                0x000021b8                Poll_DataRx
                0x00002274                Poll_SendConfirm
                0x0000230c                Poll_Timeout
 .text          0x00002368       0xdc C:\Users\diego\Documents\MCUXpressoIDE_11.9.0_2144\redes\frdmkw41z_wireless_examples_ieee_802_15_4_mwa_end_device_bm\libs\lib802.15.4_mac_06_cm0.a(RxEnable.o)
                0x00002368                RxEnable_InitSeq
                0x000023c2                RxEnable_SetRx
                0x00002402                RxEnable_Deactivate
 .text          0x00002444      0x670 C:\Users\diego\Documents\MCUXpressoIDE_11.9.0_2144\redes\frdmkw41z_wireless_examples_ieee_802_15_4_mwa_end_device_bm\libs\lib802.15.4_mac_06_cm0.a(Scan.o)
                0x00002444                Mac_ScanMsgHandler
                0x000024d2                Scan_StartFastEDScan
                0x00002504                Scan_StartEDScan
                0x0000257c                Scan_StartActivePassiveScan
                0x000025d6                Scan_StartOrphanScan
                0x00002606                Scan_Advance
                0x00002628                Scan_StartTimer
                0x00002654                Scan_FastEdAcquire
                0x000026aa                Scan_EdAcquire
                0x000026fe                Scan_ActivePassiveAcquire
                0x0000283c                Scan_OrphanAcquire
 .text          0x00002ab4      0x1b6 C:\Users\diego\Documents\MCUXpressoIDE_11.9.0_2144\redes\frdmkw41z_wireless_examples_ieee_802_15_4_mwa_end_device_bm\libs\lib802.15.4_mac_06_cm0.a(Start.o)
                0x00002ab4                Start_VerifyParameters
                0x00002b74                Start_InitSeq
                0x00002bba                Start_SetPIBs
                0x00002c1a                CoordRealignment_SendStatus
                0x00002c42                Start_SeqTerminate
 *fill*         0x00002c6a        0x2 
 .text          0x00002c6c      0x3c6 C:\Users\diego\Documents\MCUXpressoIDE_11.9.0_2144\redes\frdmkw41z_wireless_examples_ieee_802_15_4_mwa_end_device_bm\libs\lib802.15.4_mac_06_cm0.a(Association.o)
                0x00002c6c                Association_VerifyParameters
                0x00002cbc                Association_InitSeq
                0x00002d20                Association_TriggerPoll
                0x00002d5a                AssociationPoll_SendStatus
                0x00002df4                AssociationPoll_DataRx
                0x00002ef4                AssociationReq_SendStatus
                0x00002fb0                AssociationRes_VerifyParameters
                0x00002fe4                AssociationRes_SendStatus
 *fill*         0x00003032        0x2 
 .text          0x00003034      0x710 C:\Users\diego\Documents\MCUXpressoIDE_11.9.0_2144\redes\frdmkw41z_wireless_examples_ieee_802_15_4_mwa_end_device_bm\libs\lib802.15.4_mac_06_cm0.a(DataRx.o)
                0x00003034                Mac_PreProcessDataIndication
                0x000030c0                Mac_ProcessDataIndication
                0x000032e0                Mac_ProcessBeaconFrame
                0x00003494                Mac_CreateMcpsDataInd
                0x00003546                Mac_CreateMlmeCommStatusInd
                0x000035e8                Mac_CreateMlmeSyncLossInd
                0x00003642                Mac_IsPanIdConflict
                0x000036a0                Mac_IsMyCoordinator
                0x000036f2                Mac_PostponeActiveSeq
 .text          0x00003744      0x5d8 C:\Users\diego\Documents\MCUXpressoIDE_11.9.0_2144\redes\frdmkw41z_wireless_examples_ieee_802_15_4_mwa_end_device_bm\libs\lib802.15.4_mac_06_cm0.a(DataTx.o)
                0x00003744                DataTx_VerifyParameters
                0x000037ba                DataTx_InitSeq
                0x000039a8                DataTx_SendData
                0x000039dc                DataTx_SendDataConfirm
                0x00003a76                DataTx_SendEmptyFrame
                0x00003ab0                DataTx_SendStatus
                0x00003bdc                DataTx_CheckForExpirePackets
                0x00003c68                Mac_GetRandomBackoff
                0x00003c88                DataTx_CsmaCaRetry
                0x00003cb0                DataTx_Backoff
                0x00003cc2                DataTx_SendDataWithBackoff
                0x00003d10                Mac_InitCsmaCaVariables
 .text          0x00003d1c      0x10c C:\Users\diego\Documents\MCUXpressoIDE_11.9.0_2144\redes\frdmkw41z_wireless_examples_ieee_802_15_4_mwa_end_device_bm\libs\lib802.15.4_mac_06_cm0.a(Disassociation.o)
                0x00003d1c                Disassociation_VerifyParameters
                0x00003da6                Disassociation_InitSeq
                0x00003de8                Disassociation_SendStatus
 .text          0x00003e28      0xca4 C:\Users\diego\Documents\MCUXpressoIDE_11.9.0_2144\redes\frdmkw41z_wireless_examples_ieee_802_15_4_mwa_end_device_bm\libs\lib802.15.4_mac_06_cm0.a(MacFrames.o)
                0x00003e28                FrameBuild_AssociationRequest
                0x00003e90                FrameBuild_AssociationResponse
                0x00003f10                FrameBuild_DisassociationNotification
                0x00003f80                FrameBuild_DataRequest
                0x00004036                FrameBuild_PanIdConflictNotification
                0x00004068                FrameBuild_OrphanNotification
                0x0000409a                FrameBuild_BeaconRequest
                0x000040d8                FrameBuild_CoordinatorRealignment
                0x00004204                FrameBuild_Beacon
                0x000043c4                FrameBuild_Data
                0x0000464c                FrameBuild_ZeroLengthPayload
                0x00004714                Mac_GetMacHeader
                0x000047f8                Mac_GetMaxMsduLength
                0x00004828                Mac_GetOverheadSize
                0x00004874                FrameBuild_Command
                0x00004ac8                addrModeFieldLengthTable
 .text          0x00004acc       0x4c C:\Users\diego\Documents\MCUXpressoIDE_11.9.0_2144\redes\frdmkw41z_wireless_examples_ieee_802_15_4_mwa_end_device_bm\libs\lib802.15.4_mac_06_cm0.a(MacMem.o)
                0x00004acc                Mac_MemAllocZero
                0x00004aec                FrameAlloc
 .text          0x00004b18      0xa28 C:\Users\diego\Documents\MCUXpressoIDE_11.9.0_2144\redes\frdmkw41z_wireless_examples_ieee_802_15_4_mwa_end_device_bm\libs\lib802.15.4_mac_06_cm0.a(MacSec.o)
                0x00004b50                Sec_DetermineASHLength
                0x00004b80                keyIdModeToAshLengthTable
                0x00004ce6                Sec_CheckBeaconSecurityParameters
                0x00004da4                Sec_SecureTxFrame
                0x00004f5c                Sec_CreateAuxSecHeader
                0x00004fe4                Sec_CheckRxSecLevel
                0x00004fec                Sec_UnsecureRxFrame
 .text          0x00005540       0xce C:\Users\diego\Documents\MCUXpressoIDE_11.9.0_2144\redes\frdmkw41z_wireless_examples_ieee_802_15_4_mwa_end_device_bm\libs\lib802.15.4_mac_06_cm0.a(Orphan.o)
                0x00005540                Orphan_VerifyParameters
                0x00005578                Orphan_InitSeq
                0x000055ba                Orphan_SendStatus
 .text          0x0000560e      0x11c C:\Users\diego\Documents\MCUXpressoIDE_11.9.0_2144\redes\frdmkw41z_wireless_examples_ieee_802_15_4_mwa_end_device_bm\libs\lib802.15.4_mac_06_cm0.a(Reset.o)
                0x0000560e                mlmeResetReq
 .text          0x0000572a       0xfa C:\Users\diego\Documents\MCUXpressoIDE_11.9.0_2144\redes\frdmkw41z_wireless_examples_ieee_802_15_4_mwa_end_device_bm\libs\lib802.15.4_mac_06_cm0.a(MacSequenceMngr.o)
                0x0000572a                getFirstSequenceByChecksum
                0x00005744                getLastSequenceByChecksum
                0x00005764                getSequenceByDestination
                0x0000578e                getSequenceByMsduHandle
                0x000057ae                createNewSeq
                0x000057c4                getChecksum
                0x000057f0                getFreeIndex
 .text          0x00005824       0x68 C:\Users\diego\Documents\MCUXpressoIDE_11.9.0_2144\redes\frdmkw41z_wireless_examples_ieee_802_15_4_mwa_end_device_bm\libs\lib802.15.4_mac_06_cm0.a(SecurityLib.o)
                0x00005824                AES_128_CCM_Star
 *(SORT_BY_ALIGNMENT(.text*))
 .text.deregister_tm_clones
                0x0000588c       0x20 c:/nxp/mcuxpressoide_11.9.0_2144/ide/plugins/com.nxp.mcuxpresso.tools.win32_11.9.0.202307121226/tools/bin/../lib/gcc/arm-none-eabi/12.3.1/thumb/v6-m/nofp/crtbegin.o
 .text.register_tm_clones
                0x000058ac       0x28 c:/nxp/mcuxpressoide_11.9.0_2144/ide/plugins/com.nxp.mcuxpresso.tools.win32_11.9.0.202307121226/tools/bin/../lib/gcc/arm-none-eabi/12.3.1/thumb/v6-m/nofp/crtbegin.o
 .text.__do_global_dtors_aux
                0x000058d4       0x2c c:/nxp/mcuxpressoide_11.9.0_2144/ide/plugins/com.nxp.mcuxpresso.tools.win32_11.9.0.202307121226/tools/bin/../lib/gcc/arm-none-eabi/12.3.1/thumb/v6-m/nofp/crtbegin.o
 .text.frame_dummy
                0x00005900       0x24 c:/nxp/mcuxpressoide_11.9.0_2144/ide/plugins/com.nxp.mcuxpresso.tools.win32_11.9.0.202307121226/tools/bin/../lib/gcc/arm-none-eabi/12.3.1/thumb/v6-m/nofp/crtbegin.o
 .text.DbgConsole_Printf
                0x00005924       0x44 ./utilities/fsl_debug_console.o
                0x00005924                DbgConsole_Printf
 .text.DbgConsole_Putchar
                0x00005968       0x34 ./utilities/fsl_debug_console.o
                0x00005968                DbgConsole_Putchar
 .text.GetContador
                0x0000599c       0x14 ./source/MyNewTask.o
                0x0000599c                GetContador
 .text.myTaskTimerCallback
                0x000059b0       0x20 ./source/MyNewTask.o
 .text.switch_pressed
                0x000059d0       0x30 ./source/MyNewTask.o
                0x000059d0                switch_pressed
 .text.My_Task  0x00005a00       0xdc ./source/MyNewTask.o
                0x00005a00                My_Task
 .text.MyTask_Init
                0x00005adc       0x34 ./source/MyNewTask.o
                0x00005adc                MyTask_Init
 .text.MyTaskTimer_Start
                0x00005b10       0x1c ./source/MyNewTask.o
                0x00005b10                MyTaskTimer_Start
 .text.MyTaskTimer_Stop
                0x00005b2c       0x1c ./source/MyNewTask.o
                0x00005b2c                MyTaskTimer_Stop
 .text.incrementarDireccion
                0x00005b48       0x34 ./source/mwa_end_device.o
                0x00005b48                incrementarDireccion
 .text.main_task
                0x00005b7c       0xb4 ./source/mwa_end_device.o
                0x00005b7c                main_task
 .text.App_Idle_Task
                0x00005c30       0x90 ./source/mwa_end_device.o
                0x00005c30                App_Idle_Task
 .text.App_init
                0x00005cc0      0x11c ./source/mwa_end_device.o
                0x00005cc0                App_init
 .text.AppThread
                0x00005ddc      0x7c4 ./source/mwa_end_device.o
                0x00005ddc                AppThread
 .text.UartRxCallBack
                0x000065a0       0x64 ./source/mwa_end_device.o
 .text.App_StartScan
                0x00006604       0xc4 ./source/mwa_end_device.o
 .text.App_HandleScanActiveConfirm
                0x000066c8       0xf4 ./source/mwa_end_device.o
 .text.App_SendAssociateRequest
                0x000067bc       0xe4 ./source/mwa_end_device.o
 .text.App_HandleAssociateConfirm
                0x000068a0       0x74 ./source/mwa_end_device.o
 .text.App_HandleMlmeInput
                0x00006914       0xac ./source/mwa_end_device.o
 .text.App_HandleMcpsInput
                0x000069c0       0x68 ./source/mwa_end_device.o
 .text.App_TransmitUartData
                0x00006a28      0x184 ./source/mwa_end_device.o
 .text.SendCounterPacket
                0x00006bac      0x1ac ./source/mwa_end_device.o
                0x00006bac                SendCounterPacket
 .text.AppPollWaitTimeout
                0x00006d58       0xac ./source/mwa_end_device.o
 .text.App_HandleKeys
                0x00006e04       0x88 ./source/mwa_end_device.o
 .text.MLME_NWK_SapHandler
                0x00006e8c       0x34 ./source/mwa_end_device.o
                0x00006e8c                MLME_NWK_SapHandler
 .text.MCPS_NWK_SapHandler
                0x00006ec0       0x34 ./source/mwa_end_device.o
                0x00006ec0                MCPS_NWK_SapHandler
 .text.HardFault_Handler
                0x00006ef4       0x38 ./source/semihost_hardfault.o
                0x00006ef4                HardFault_Handler
 .text.NVIC_EnableIRQ
                0x00006f2c       0x2c ./ieee_802.15.4/phy/source/MKW41Z/PhyISR.o
 .text.NVIC_SetPendingIRQ
                0x00006f58       0x30 ./ieee_802.15.4/phy/source/MKW41Z/PhyISR.o
 .text.NVIC_ClearPendingIRQ
                0x00006f88       0x30 ./ieee_802.15.4/phy/source/MKW41Z/PhyISR.o
 .text.NVIC_SetPriority
                0x00006fb8       0xdc ./ieee_802.15.4/phy/source/MKW41Z/PhyISR.o
 .text.ProtectFromXcvrInterrupt
                0x00007094       0x3c ./ieee_802.15.4/phy/source/MKW41Z/PhyISR.o
                0x00007094                ProtectFromXcvrInterrupt
 .text.UnprotectFromXcvrInterrupt
                0x000070d0       0x44 ./ieee_802.15.4/phy/source/MKW41Z/PhyISR.o
                0x000070d0                UnprotectFromXcvrInterrupt
 .text.PhyIsrPassRxParams
                0x00007114       0x1c ./ieee_802.15.4/phy/source/MKW41Z/PhyISR.o
                0x00007114                PhyIsrPassRxParams
 .text.PhyIsrSeqCleanup
                0x00007130       0x5c ./ieee_802.15.4/phy/source/MKW41Z/PhyISR.o
 .text.PhyIsrTimeoutCleanup
                0x0000718c       0x60 ./ieee_802.15.4/phy/source/MKW41Z/PhyISR.o
 .text.Phy_GetEnergyLevel
                0x000071ec       0x58 ./ieee_802.15.4/phy/source/MKW41Z/PhyISR.o
                0x000071ec                Phy_GetEnergyLevel
 .text.PHY_InterruptHandler
                0x00007244      0x368 ./ieee_802.15.4/phy/source/MKW41Z/PhyISR.o
                0x00007244                PHY_InterruptHandler
 .text.PHY_InstallIsr
                0x000075ac       0x30 ./ieee_802.15.4/phy/source/MKW41Z/PhyISR.o
                0x000075ac                PHY_InstallIsr
 .text.Phy_GetRxParams
                0x000075dc       0x74 ./ieee_802.15.4/phy/source/MKW41Z/PhyISR.o
 .text.PhyHwInit
                0x00007650      0x13c ./ieee_802.15.4/phy/source/MKW41Z/PhyPacketProcessor.o
                0x00007650                PhyHwInit
 .text.PhyAbort
                0x0000778c       0xb4 ./ieee_802.15.4/phy/source/MKW41Z/PhyPacketProcessor.o
                0x0000778c                PhyAbort
 .text.PhyPpGetState
                0x00007840       0x1c ./ieee_802.15.4/phy/source/MKW41Z/PhyPacketProcessor.o
                0x00007840                PhyPpGetState
 .text.PhyPpSetPanId
                0x0000785c       0x70 ./ieee_802.15.4/phy/source/MKW41Z/PhyPacketProcessor.o
                0x0000785c                PhyPpSetPanId
 .text.PhyPpSetShortAddr
                0x000078cc       0x70 ./ieee_802.15.4/phy/source/MKW41Z/PhyPacketProcessor.o
                0x000078cc                PhyPpSetShortAddr
 .text.PhyPpSetLongAddr
                0x0000793c       0x60 ./ieee_802.15.4/phy/source/MKW41Z/PhyPacketProcessor.o
                0x0000793c                PhyPpSetLongAddr
 .text.PhyPpSetMacRole
                0x0000799c       0x90 ./ieee_802.15.4/phy/source/MKW41Z/PhyPacketProcessor.o
                0x0000799c                PhyPpSetMacRole
 .text.PhyPpSetPromiscuous
                0x00007a2c       0x5c ./ieee_802.15.4/phy/source/MKW41Z/PhyPacketProcessor.o
                0x00007a2c                PhyPpSetPromiscuous
 .text.PhyPp_IndirectQueueInsert
                0x00007a88       0x6c ./ieee_802.15.4/phy/source/MKW41Z/PhyPacketProcessor.o
                0x00007a88                PhyPp_IndirectQueueInsert
 .text.PhyPp_RemoveFromIndirect
                0x00007af4       0x60 ./ieee_802.15.4/phy/source/MKW41Z/PhyPacketProcessor.o
                0x00007af4                PhyPp_RemoveFromIndirect
 .text.PhyPpIsTxAckDataPending
                0x00007b54       0x4c ./ieee_802.15.4/phy/source/MKW41Z/PhyPacketProcessor.o
                0x00007b54                PhyPpIsTxAckDataPending
 .text.PhyPlmeSetPwrState
                0x00007ba0      0x128 ./ieee_802.15.4/phy/source/MKW41Z/PhyPacketProcessor.o
                0x00007ba0                PhyPlmeSetPwrState
 .text.PhyPdDataRequest
                0x00007cc8      0x1b0 ./ieee_802.15.4/phy/source/MKW41Z/PhyPlmeData.o
                0x00007cc8                PhyPdDataRequest
 .text.PhyPlmeRxRequest
                0x00007e78      0x16c ./ieee_802.15.4/phy/source/MKW41Z/PhyPlmeData.o
                0x00007e78                PhyPlmeRxRequest
 .text.PhyPlmeCcaEdRequest
                0x00007fe4      0x11c ./ieee_802.15.4/phy/source/MKW41Z/PhyPlmeData.o
                0x00007fe4                PhyPlmeCcaEdRequest
 .text.PhyPlmeSetCurrentChannelRequest
                0x00008100       0x8c ./ieee_802.15.4/phy/source/MKW41Z/PhyPlmeData.o
                0x00008100                PhyPlmeSetCurrentChannelRequest
 .text.PhyPlmeGetCurrentChannelRequest
                0x0000818c       0x3c ./ieee_802.15.4/phy/source/MKW41Z/PhyPlmeData.o
                0x0000818c                PhyPlmeGetCurrentChannelRequest
 .text.PhyPlmeSetPwrLevelRequest
                0x000081c8       0x7c ./ieee_802.15.4/phy/source/MKW41Z/PhyPlmeData.o
                0x000081c8                PhyPlmeSetPwrLevelRequest
 .text.PhyPlmeGetPwrLevelRequest
                0x00008244       0x34 ./ieee_802.15.4/phy/source/MKW41Z/PhyPlmeData.o
                0x00008244                PhyPlmeGetPwrLevelRequest
 .text.PhyPlmeSetPIBRequest
                0x00008278      0x1d0 ./ieee_802.15.4/phy/source/MKW41Z/PhyPlmeData.o
                0x00008278                PhyPlmeSetPIBRequest
 .text.PhyPlmeGetPIBRequest
                0x00008448      0x3c0 ./ieee_802.15.4/phy/source/MKW41Z/PhyPlmeData.o
                0x00008448                PhyPlmeGetPIBRequest
 .text.PhyRxRetry
                0x00008808       0x74 ./ieee_802.15.4/phy/source/MKW41Z/PhyPlmeData.o
 .text.Phy_Init
                0x0000887c       0x40 ./ieee_802.15.4/phy/source/MKW41Z/PhyStateMachine.o
                0x0000887c                Phy_Init
 .text.Phy_RegisterSapHandlers
                0x000088bc       0x24 ./ieee_802.15.4/phy/source/MKW41Z/PhyStateMachine.o
                0x000088bc                Phy_RegisterSapHandlers
 .text.Phy24Task
                0x000088e0      0x25c ./ieee_802.15.4/phy/source/MKW41Z/PhyStateMachine.o
 .text.MAC_PD_SapHandler
                0x00008b3c       0xb0 ./ieee_802.15.4/phy/source/MKW41Z/PhyStateMachine.o
                0x00008b3c                MAC_PD_SapHandler
 .text.MAC_PLME_SapHandler
                0x00008bec      0x194 ./ieee_802.15.4/phy/source/MKW41Z/PhyStateMachine.o
                0x00008bec                MAC_PLME_SapHandler
 .text.Phy_HandlePdDataReq
                0x00008d80      0x188 ./ieee_802.15.4/phy/source/MKW41Z/PhyStateMachine.o
 .text.Phy_EnterIdle
                0x00008f08       0x88 ./ieee_802.15.4/phy/source/MKW41Z/PhyStateMachine.o
 .text.PhyPlmeSetFrameWaitTime
                0x00008f90       0x1c ./ieee_802.15.4/phy/source/MKW41Z/PhyStateMachine.o
                0x00008f90                PhyPlmeSetFrameWaitTime
 .text.PhyPlmeSetRxOnWhenIdle
                0x00008fac       0x88 ./ieee_802.15.4/phy/source/MKW41Z/PhyStateMachine.o
                0x00008fac                PhyPlmeSetRxOnWhenIdle
 .text.PhyIsIdleRx
                0x00009034       0x4c ./ieee_802.15.4/phy/source/MKW41Z/PhyStateMachine.o
                0x00009034                PhyIsIdleRx
 .text.Radio_Phy_PdDataConfirm
                0x00009080       0x94 ./ieee_802.15.4/phy/source/MKW41Z/PhyStateMachine.o
                0x00009080                Radio_Phy_PdDataConfirm
 .text.Radio_Phy_PdDataIndication
                0x00009114       0x24 ./ieee_802.15.4/phy/source/MKW41Z/PhyStateMachine.o
                0x00009114                Radio_Phy_PdDataIndication
 .text.Radio_Phy_PlmeCcaConfirm
                0x00009138       0x34 ./ieee_802.15.4/phy/source/MKW41Z/PhyStateMachine.o
                0x00009138                Radio_Phy_PlmeCcaConfirm
 .text.Radio_Phy_PlmeEdConfirm
                0x0000916c       0x34 ./ieee_802.15.4/phy/source/MKW41Z/PhyStateMachine.o
                0x0000916c                Radio_Phy_PlmeEdConfirm
 .text.Radio_Phy_TimeRxTimeoutIndication
                0x000091a0       0x30 ./ieee_802.15.4/phy/source/MKW41Z/PhyStateMachine.o
                0x000091a0                Radio_Phy_TimeRxTimeoutIndication
 .text.Radio_Phy_PlmeRxWatermark
                0x000091d0       0xb8 ./ieee_802.15.4/phy/source/MKW41Z/PhyStateMachine.o
                0x000091d0                Radio_Phy_PlmeRxWatermark
 .text.Radio_Phy_PlmeFilterFailRx
                0x00009288       0x54 ./ieee_802.15.4/phy/source/MKW41Z/PhyStateMachine.o
                0x00009288                Radio_Phy_PlmeFilterFailRx
 .text.PLME_SendMessage
                0x000092dc       0xd4 ./ieee_802.15.4/phy/source/MKW41Z/PhyStateMachine.o
 .text.PD_SendMessage
                0x000093b0      0x268 ./ieee_802.15.4/phy/source/MKW41Z/PhyStateMachine.o
 .text.Phy_SendLatePLME
                0x00009618       0x24 ./ieee_802.15.4/phy/source/MKW41Z/PhyStateMachine.o
 .text.Phy_SendLatePD
                0x0000963c       0x24 ./ieee_802.15.4/phy/source/MKW41Z/PhyStateMachine.o
 .text.Radio_Phy_Notify
                0x00009660       0x18 ./ieee_802.15.4/phy/source/MKW41Z/PhyStateMachine.o
                0x00009660                Radio_Phy_Notify
 .text.PhyTimeSetEventTrigger
                0x00009678       0x68 ./ieee_802.15.4/phy/source/MKW41Z/PhyTime.o
                0x00009678                PhyTimeSetEventTrigger
 .text.PhyTimeDisableEventTrigger
                0x000096e0       0x5c ./ieee_802.15.4/phy/source/MKW41Z/PhyTime.o
                0x000096e0                PhyTimeDisableEventTrigger
 .text.PhyTimeSetEventTimeout
                0x0000973c       0x74 ./ieee_802.15.4/phy/source/MKW41Z/PhyTime.o
                0x0000973c                PhyTimeSetEventTimeout
 .text.PhyTimeGetEventTimeout
                0x000097b0       0x20 ./ieee_802.15.4/phy/source/MKW41Z/PhyTime.o
                0x000097b0                PhyTimeGetEventTimeout
 .text.PhyTimeDisableEventTimeout
                0x000097d0       0x60 ./ieee_802.15.4/phy/source/MKW41Z/PhyTime.o
                0x000097d0                PhyTimeDisableEventTimeout
 .text.PhyTimeReadClock
                0x00009830       0x28 ./ieee_802.15.4/phy/source/MKW41Z/PhyTime.o
                0x00009830                PhyTimeReadClock
 .text.PhyTimeSetWaitTimeout
                0x00009858       0x6c ./ieee_802.15.4/phy/source/MKW41Z/PhyTime.o
                0x00009858                PhyTimeSetWaitTimeout
 .text.PhyTimeDisableWaitTimeout
                0x000098c4       0x50 ./ieee_802.15.4/phy/source/MKW41Z/PhyTime.o
                0x000098c4                PhyTimeDisableWaitTimeout
 .text.PhyTime_ISR
                0x00009914       0x54 ./ieee_802.15.4/phy/source/MKW41Z/PhyTime.o
                0x00009914                PhyTime_ISR
 .text.PhyTime_TimerInit
                0x00009968       0x90 ./ieee_802.15.4/phy/source/MKW41Z/PhyTime.o
                0x00009968                PhyTime_TimerInit
 .text.PhyTime_GetTimestamp
                0x000099f8       0x80 ./ieee_802.15.4/phy/source/MKW41Z/PhyTime.o
                0x000099f8                PhyTime_GetTimestamp
 .text.PhyTime_ScheduleEvent
                0x00009a78       0xe8 ./ieee_802.15.4/phy/source/MKW41Z/PhyTime.o
                0x00009a78                PhyTime_ScheduleEvent
 .text.PhyTime_CancelEvent
                0x00009b60       0xa4 ./ieee_802.15.4/phy/source/MKW41Z/PhyTime.o
                0x00009b60                PhyTime_CancelEvent
 .text.PhyTime_CancelEventsWithParam
                0x00009c04       0xac ./ieee_802.15.4/phy/source/MKW41Z/PhyTime.o
                0x00009c04                PhyTime_CancelEventsWithParam
 .text.PhyTime_RunCallback
                0x00009cb0       0x70 ./ieee_802.15.4/phy/source/MKW41Z/PhyTime.o
                0x00009cb0                PhyTime_RunCallback
 .text.PhyTime_Maintenance
                0x00009d20       0xa8 ./ieee_802.15.4/phy/source/MKW41Z/PhyTime.o
                0x00009d20                PhyTime_Maintenance
 .text.PhyTime_OverflowCB
                0x00009dc8       0x50 ./ieee_802.15.4/phy/source/MKW41Z/PhyTime.o
 .text.PhyTime_GetNextEvent
                0x00009e18       0x74 ./ieee_802.15.4/phy/source/MKW41Z/PhyTime.o
 .text.MAC_Init
                0x00009e8c       0x68 ./ieee_802.15.4/mac/source/App/MacGlobals.o
                0x00009e8c                MAC_Init
 .text.XCVR_Init
                0x00009ef4      0x128 ./framework/XCVR/MKW41Z4/fsl_xcvr.o
                0x00009ef4                XCVR_Init
 .text.XCVR_GetDefaultConfig
                0x0000a01c      0x174 ./framework/XCVR/MKW41Z4/fsl_xcvr.o
                0x0000a01c                XCVR_GetDefaultConfig
 .text.XCVR_Configure
                0x0000a190      0x98c ./framework/XCVR/MKW41Z4/fsl_xcvr.o
                0x0000a190                XCVR_Configure
 .text.XcvrPanic
                0x0000ab1c       0x40 ./framework/XCVR/MKW41Z4/fsl_xcvr.o
                0x0000ab1c                XcvrPanic
 .text.XCVR_SetXtalTrim
                0x0000ab5c       0x64 ./framework/XCVR/MKW41Z4/fsl_xcvr.o
                0x0000ab5c                XCVR_SetXtalTrim
 .text.XCVR_OverrideChannel
                0x0000abc0      0x140 ./framework/XCVR/MKW41Z4/fsl_xcvr.o
                0x0000abc0                XCVR_OverrideChannel
 .text.XCVR_ForceRxWu
                0x0000ad00       0x1c ./framework/XCVR/MKW41Z4/fsl_xcvr.o
                0x0000ad00                XCVR_ForceRxWu
 .text.XCVR_ForceRxWd
                0x0000ad1c       0x1c ./framework/XCVR/MKW41Z4/fsl_xcvr.o
                0x0000ad1c                XCVR_ForceRxWd
 .text.calc_dcoc_dac_step
                0x0000ad38       0x88 ./framework/XCVR/MKW41Z4/fsl_xcvr_trim.o
                0x0000ad38                calc_dcoc_dac_step
 .text.rx_dc_est_average
                0x0000adc0      0x1a0 ./framework/XCVR/MKW41Z4/fsl_xcvr_trim.o
                0x0000adc0                rx_dc_est_average
 .text.rx_bba_dcoc_dac_trim_DCest
                0x0000af60      0x7bc ./framework/XCVR/MKW41Z4/fsl_xcvr_trim.o
                0x0000af60                rx_bba_dcoc_dac_trim_DCest
 .text.DCOC_DAC_INIT_Cal
                0x0000b71c      0x5b0 ./framework/XCVR/MKW41Z4/fsl_xcvr_trim.o
                0x0000b71c                DCOC_DAC_INIT_Cal
 .text.read_first_ifr_word
                0x0000bccc       0x20 ./framework/XCVR/MKW41Z4/ifr_radio.o
                0x0000bccc                read_first_ifr_word
 .text.read_another_ifr_word
                0x0000bcec       0x2c ./framework/XCVR/MKW41Z4/ifr_radio.o
                0x0000bcec                read_another_ifr_word
 .text.read_resource_ifr
                0x0000bd18       0xd4 ./framework/XCVR/MKW41Z4/ifr_radio.o
                0x0000bd18                read_resource_ifr
 .text.handle_ifr
                0x0000bdec      0x184 ./framework/XCVR/MKW41Z4/ifr_radio.o
                0x0000bdec                handle_ifr
 .text.NVIC_EnableIRQ
                0x0000bf70       0x2c ./framework/TimersManager/Source/TMR_Adapter.o
 .text.NVIC_ClearPendingIRQ
                0x0000bf9c       0x30 ./framework/TimersManager/Source/TMR_Adapter.o
 .text.NVIC_SetPriority
                0x0000bfcc       0xdc ./framework/TimersManager/Source/TMR_Adapter.o
 .text.StackTimer_Init
                0x0000c0a8       0x98 ./framework/TimersManager/Source/TMR_Adapter.o
                0x0000c0a8                StackTimer_Init
 .text.StackTimer_Enable
                0x0000c140       0x1c ./framework/TimersManager/Source/TMR_Adapter.o
                0x0000c140                StackTimer_Enable
 .text.StackTimer_Disable
                0x0000c15c       0x18 ./framework/TimersManager/Source/TMR_Adapter.o
                0x0000c15c                StackTimer_Disable
 .text.StackTimer_GetCounterValue
                0x0000c174       0x14 ./framework/TimersManager/Source/TMR_Adapter.o
                0x0000c174                StackTimer_GetCounterValue
 .text.StackTimer_SetOffsetTicks
                0x0000c188       0x24 ./framework/TimersManager/Source/TMR_Adapter.o
                0x0000c188                StackTimer_SetOffsetTicks
 .text.StackTimer_ClearIntFlag
                0x0000c1ac       0x30 ./framework/TimersManager/Source/TMR_Adapter.o
                0x0000c1ac                StackTimer_ClearIntFlag
 .text.TMR_GetTimerStatus
                0x0000c1dc       0x28 ./framework/TimersManager/Source/TimersManager.o
 .text.TMR_SetTimerStatus
                0x0000c204       0x44 ./framework/TimersManager/Source/TimersManager.o
 .text.TMR_GetTimerType
                0x0000c248       0x28 ./framework/TimersManager/Source/TimersManager.o
 .text.TMR_SetTimerType
                0x0000c270       0x44 ./framework/TimersManager/Source/TimersManager.o
 .text.TmrTicksFromMilliseconds
                0x0000c2b4       0x48 ./framework/TimersManager/Source/TimersManager.o
                0x0000c2b4                TmrTicksFromMilliseconds
 .text.TMR_Init
                0x0000c2fc       0x80 ./framework/TimersManager/Source/TimersManager.o
                0x0000c2fc                TMR_Init
 .text.TMR_NotifyClkChanged
                0x0000c37c       0x44 ./framework/TimersManager/Source/TimersManager.o
                0x0000c37c                TMR_NotifyClkChanged
 .text.TMR_AllocateTimer
                0x0000c3c0       0x50 ./framework/TimersManager/Source/TimersManager.o
                0x0000c3c0                TMR_AllocateTimer
 .text.TMR_AreAllTimersOff
                0x0000c410       0x18 ./framework/TimersManager/Source/TimersManager.o
                0x0000c410                TMR_AreAllTimersOff
 .text.TMR_FreeTimer
                0x0000c428       0x40 ./framework/TimersManager/Source/TimersManager.o
                0x0000c428                TMR_FreeTimer
 .text.StackTimer_ISR
                0x0000c468       0x24 ./framework/TimersManager/Source/TimersManager.o
 .text.TMR_StartTimer
                0x0000c48c       0xe8 ./framework/TimersManager/Source/TimersManager.o
                0x0000c48c                TMR_StartTimer
 .text.TMR_StopTimer
                0x0000c574       0xe8 ./framework/TimersManager/Source/TimersManager.o
                0x0000c574                TMR_StopTimer
 .text.TMR_Task
                0x0000c65c      0x4fc ./framework/TimersManager/Source/TimersManager.o
                0x0000c65c                TMR_Task
 .text.TMR_EnableTimer
                0x0000cb58       0x84 ./framework/TimersManager/Source/TimersManager.o
                0x0000cb58                TMR_EnableTimer
 .text.TMR_NotCountedTicksBeforeSleep
                0x0000cbdc       0x50 ./framework/TimersManager/Source/TimersManager.o
                0x0000cbdc                TMR_NotCountedTicksBeforeSleep
 .text.TMR_SyncLpmTimers
                0x0000cc2c       0xe0 ./framework/TimersManager/Source/TimersManager.o
                0x0000cc2c                TMR_SyncLpmTimers
 .text.TMR_MakeTMRThreadReady
                0x0000cd0c       0x20 ./framework/TimersManager/Source/TimersManager.o
                0x0000cd0c                TMR_MakeTMRThreadReady
 .text.TMR_GetTimerFreq
                0x0000cd2c       0x14 ./framework/TimersManager/Source/TimersManager.o
                0x0000cd2c                TMR_GetTimerFreq
 .text.TMR_PITGetTimestamp
                0x0000cd40      0x1a4 ./framework/TimersManager/Source/TimersManager.o
                0x0000cd40                TMR_PITGetTimestamp
 .text.NVIC_EnableIRQ
                0x0000cee4       0x2c ./framework/SerialManager/Source/UART_Adapter/UART_Adapter.o
 .text.NVIC_SetPriority
                0x0000cf10       0xdc ./framework/SerialManager/Source/UART_Adapter/UART_Adapter.o
 .text.LPUART_Initialize
                0x0000cfec       0xe8 ./framework/SerialManager/Source/UART_Adapter/UART_Adapter.o
                0x0000cfec                LPUART_Initialize
 .text.LPUART_SetBaudrate
                0x0000d0d4       0x44 ./framework/SerialManager/Source/UART_Adapter/UART_Adapter.o
                0x0000d0d4                LPUART_SetBaudrate
 .text.LPUART_SendData
                0x0000d118       0xc0 ./framework/SerialManager/Source/UART_Adapter/UART_Adapter.o
                0x0000d118                LPUART_SendData
 .text.LPUART_InstallRxCalback
                0x0000d1d8       0x44 ./framework/SerialManager/Source/UART_Adapter/UART_Adapter.o
                0x0000d1d8                LPUART_InstallRxCalback
 .text.LPUART_InstallTxCalback
                0x0000d21c       0x44 ./framework/SerialManager/Source/UART_Adapter/UART_Adapter.o
                0x0000d21c                LPUART_InstallTxCalback
 .text.LPUART_IsTxActive
                0x0000d260       0x58 ./framework/SerialManager/Source/UART_Adapter/UART_Adapter.o
                0x0000d260                LPUART_IsTxActive
 .text.LPUART_ISR
                0x0000d2b8      0x17c ./framework/SerialManager/Source/UART_Adapter/UART_Adapter.o
 .text.SerialManager_Init
                0x0000d434       0x80 ./framework/SerialManager/Source/SerialManager.o
                0x0000d434                SerialManager_Init
 .text.SerialManagerTask
                0x0000d4b4      0x178 ./framework/SerialManager/Source/SerialManager.o
                0x0000d4b4                SerialManagerTask
 .text.Serial_InitInterface
                0x0000d62c      0x12c ./framework/SerialManager/Source/SerialManager.o
                0x0000d62c                Serial_InitInterface
 .text.Serial_AsyncWrite
                0x0000d758      0x164 ./framework/SerialManager/Source/SerialManager.o
                0x0000d758                Serial_AsyncWrite
 .text.Serial_SyncWrite
                0x0000d8bc       0xa0 ./framework/SerialManager/Source/SerialManager.o
                0x0000d8bc                Serial_SyncWrite
 .text.Serial_Read
                0x0000d95c      0x11c ./framework/SerialManager/Source/SerialManager.o
                0x0000d95c                Serial_Read
 .text.Serial_RxBufferByteCount
                0x0000da78       0xdc ./framework/SerialManager/Source/SerialManager.o
                0x0000da78                Serial_RxBufferByteCount
 .text.Serial_SetRxCallBack
                0x0000db54       0x68 ./framework/SerialManager/Source/SerialManager.o
                0x0000db54                Serial_SetRxCallBack
 .text.Serial_SetBaudRate
                0x0000dbbc       0x84 ./framework/SerialManager/Source/SerialManager.o
                0x0000dbbc                Serial_SetBaudRate
 .text.Serial_WriteInternal
                0x0000dc40      0x11c ./framework/SerialManager/Source/SerialManager.o
 .text.SerialManager_RxNotify
                0x0000dd5c       0xc0 ./framework/SerialManager/Source/SerialManager.o
                0x0000dd5c                SerialManager_RxNotify
 .text.SerialManager_TxNotify
                0x0000de1c       0xf8 ./framework/SerialManager/Source/SerialManager.o
                0x0000de1c                SerialManager_TxNotify
 .text.Serial_TxQueueMaintenance
                0x0000df14      0x11c ./framework/SerialManager/Source/SerialManager.o
 .text.Serial_UartRxCb
                0x0000e030       0x4c ./framework/SerialManager/Source/SerialManager.o
 .text.SecLib_Init
                0x0000e07c       0x18 ./framework/SecLib/SecLib.o
                0x0000e07c                SecLib_Init
 .text.AES_128_CCM
                0x0000e094       0xd8 ./framework/SecLib/SecLib.o
                0x0000e094                AES_128_CCM
 .text.NVIC_EnableIRQ
                0x0000e16c       0x2c ./framework/RNG/Source/RNG.o
 .text.RNG_Init
                0x0000e198       0xe4 ./framework/RNG/Source/RNG.o
                0x0000e198                RNG_Init
 .text.TRNG_ISR
                0x0000e27c       0x40 ./framework/RNG/Source/RNG.o
 .text.OSA_EnableIRQGlobal
                0x0000e2bc       0x2c ./framework/OSAbstraction/Source/fsl_os_abstraction_bm.o
                0x0000e2bc                OSA_EnableIRQGlobal
 .text.OSA_DisableIRQGlobal
                0x0000e2e8       0x1c ./framework/OSAbstraction/Source/fsl_os_abstraction_bm.o
                0x0000e2e8                OSA_DisableIRQGlobal
 .text.OSA_TaskGetId
                0x0000e304       0x14 ./framework/OSAbstraction/Source/fsl_os_abstraction_bm.o
                0x0000e304                OSA_TaskGetId
 .text.task_init
                0x0000e318       0x64 ./framework/OSAbstraction/Source/fsl_os_abstraction_bm.o
                0x0000e318                task_init
 .text.OSA_TaskCreate
                0x0000e37c      0x104 ./framework/OSAbstraction/Source/fsl_os_abstraction_bm.o
                0x0000e37c                OSA_TaskCreate
 .text.OSA_MutexCreate
                0x0000e480       0x50 ./framework/OSAbstraction/Source/fsl_os_abstraction_bm.o
                0x0000e480                OSA_MutexCreate
 .text.OSA_MutexLock
                0x0000e4d0       0x5c ./framework/OSAbstraction/Source/fsl_os_abstraction_bm.o
                0x0000e4d0                OSA_MutexLock
 .text.OSA_MutexUnlock
                0x0000e52c       0x3c ./framework/OSAbstraction/Source/fsl_os_abstraction_bm.o
                0x0000e52c                OSA_MutexUnlock
 .text.OSA_EventCreate
                0x0000e568       0x64 ./framework/OSAbstraction/Source/fsl_os_abstraction_bm.o
                0x0000e568                OSA_EventCreate
 .text.OSA_EventSet
                0x0000e5cc       0x54 ./framework/OSAbstraction/Source/fsl_os_abstraction_bm.o
                0x0000e5cc                OSA_EventSet
 .text.OSA_EventWait
                0x0000e620       0xc4 ./framework/OSAbstraction/Source/fsl_os_abstraction_bm.o
                0x0000e620                OSA_EventWait
 .text.main     0x0000e6e4       0x2c ./framework/OSAbstraction/Source/fsl_os_abstraction_bm.o
                0x0000e6e4                main
 .text.OSA_Start
                0x0000e710       0x50 ./framework/OSAbstraction/Source/fsl_os_abstraction_bm.o
                0x0000e710                OSA_Start
 .text.__NvAtomicSave
                0x0000e760       0xec ./framework/NVM/Source/NV_Flash.o
 .text.__NvSyncSave
                0x0000e84c      0x130 ./framework/NVM/Source/NV_Flash.o
 .text.__NvIdle
                0x0000e97c      0x1d4 ./framework/NVM/Source/NV_Flash.o
 .text.__NvRestoreDataSet
                0x0000eb50       0x58 ./framework/NVM/Source/NV_Flash.o
 .text.__NvTimerTick
                0x0000eba8      0x190 ./framework/NVM/Source/NV_Flash.o
 .text.__NvSaveOnIdle
                0x0000ed38       0x7c ./framework/NVM/Source/NV_Flash.o
 .text.__NvModuleInit
                0x0000edb4      0x144 ./framework/NVM/Source/NV_Flash.o
 .text.InitNVMConfig
                0x0000eef8       0xc8 ./framework/NVM/Source/NV_Flash.o
 .text.NvEraseVirtualPage
                0x0000efc0       0x78 ./framework/NVM/Source/NV_Flash.o
 .text.NvInitStorageSystem
                0x0000f038      0x1e4 ./framework/NVM/Source/NV_Flash.o
 .text.NvVirtualPageBlankCheck
                0x0000f21c       0x5c ./framework/NVM/Source/NV_Flash.o
 .text.NvUpdateLastMetaInfoAddress
                0x0000f278      0x11c ./framework/NVM/Source/NV_Flash.o
 .text.NvGetMetaInfo
                0x0000f394       0x64 ./framework/NVM/Source/NV_Flash.o
 .text.NvGetPageFreeSpace
                0x0000f3f8       0xe0 ./framework/NVM/Source/NV_Flash.o
 .text.NvIsMemoryAreaAvailable
                0x0000f4d8       0xa8 ./framework/NVM/Source/NV_Flash.o
 .text.NvIsRecordCopied
                0x0000f580      0x124 ./framework/NVM/Source/NV_Flash.o
 .text.NvInternalCopy
                0x0000f6a4      0x3a4 ./framework/NVM/Source/NV_Flash.o
 .text.NvCopyPage
                0x0000fa48      0x27c ./framework/NVM/Source/NV_Flash.o
 .text.NvInternalFormat
                0x0000fcc4       0x88 ./framework/NVM/Source/NV_Flash.o
 .text.NvSaveRamTable
                0x0000fd4c       0xb4 ./framework/NVM/Source/NV_Flash.o
 .text.UpgradeLegacyTable
                0x0000fe00      0x34c ./framework/NVM/Source/NV_Flash.o
 .text.NvGetEntryFromDataPtr
                0x0001014c       0xfc ./framework/NVM/Source/NV_Flash.o
 .text.NvWriteRecord
                0x00010248      0x4e0 ./framework/NVM/Source/NV_Flash.o
 .text.NvRestoreData
                0x00010728      0x2fc ./framework/NVM/Source/NV_Flash.o
 .text.NvGetTableEntryIndexFromId
                0x00010a24       0x78 ./framework/NVM/Source/NV_Flash.o
 .text.NvProcessFirstSaveInQueue
                0x00010a9c       0xc0 ./framework/NVM/Source/NV_Flash.o
 .text.NvAddSaveRequestToQueue
                0x00010b5c      0x200 ./framework/NVM/Source/NV_Flash.o
 .text.NvModuleInit
                0x00010d5c       0x4c ./framework/NVM/Source/NV_Flash.o
                0x00010d5c                NvModuleInit
 .text.NvSaveOnIdle
                0x00010da8       0x50 ./framework/NVM/Source/NV_Flash.o
                0x00010da8                NvSaveOnIdle
 .text.NvRestoreDataSet
                0x00010df8       0x50 ./framework/NVM/Source/NV_Flash.o
                0x00010df8                NvRestoreDataSet
 .text.NvClearCriticalSection
                0x00010e48       0x30 ./framework/NVM/Source/NV_Flash.o
                0x00010e48                NvClearCriticalSection
 .text.NvIdle   0x00010e78       0x44 ./framework/NVM/Source/NV_Flash.o
                0x00010e78                NvIdle
 .text.MEM_Init
                0x00010ebc       0xc4 ./framework/MemManager/Source/MemManager.o
                0x00010ebc                MEM_Init
 .text.MEM_BufferAllocWithId
                0x00010f80       0xb8 ./framework/MemManager/Source/MemManager.o
                0x00010f80                MEM_BufferAllocWithId
 .text.MEM_BufferFree
                0x00011038       0xb0 ./framework/MemManager/Source/MemManager.o
                0x00011038                MEM_BufferFree
 .text.PWR_HandleDeepSleepMode_1
                0x000110e8       0x14 ./framework/LowPower/Source/MKW41Z/PWR.o
 .text.PWR_HandleDeepSleepMode_2_3
                0x000110fc      0x1dc ./framework/LowPower/Source/MKW41Z/PWR.o
 .text.PWR_HandleDeepSleepMode_4
                0x000112d8       0x84 ./framework/LowPower/Source/MKW41Z/PWR.o
 .text.PWR_HandleDeepSleepMode_5
                0x0001135c       0x84 ./framework/LowPower/Source/MKW41Z/PWR.o
 .text.PWR_HandleDeepSleepMode_6
                0x000113e0      0x204 ./framework/LowPower/Source/MKW41Z/PWR.o
 .text.PWR_HandleDeepSleepMode_7
                0x000115e4       0x14 ./framework/LowPower/Source/MKW41Z/PWR.o
 .text.PWR_HandleDeepSleep
                0x000115f8       0x50 ./framework/LowPower/Source/MKW41Z/PWR.o
 .text.PWR_HandleSleep
                0x00011648       0x40 ./framework/LowPower/Source/MKW41Z/PWR.o
 .text.PWR_DeepSleepAllowed
                0x00011688       0x34 ./framework/LowPower/Source/MKW41Z/PWR.o
 .text.PWR_SystemReset
                0x000116bc       0x18 ./framework/LowPower/Source/MKW41Z/PWR.o
                0x000116bc                PWR_SystemReset
 .text.PWR_AllowDeviceToSleep
                0x000116d4       0x2c ./framework/LowPower/Source/MKW41Z/PWR.o
                0x000116d4                PWR_AllowDeviceToSleep
 .text.PWR_DisallowDeviceToSleep
                0x00011700       0x38 ./framework/LowPower/Source/MKW41Z/PWR.o
                0x00011700                PWR_DisallowDeviceToSleep
 .text.PWR_AllowXcvrToSleep
                0x00011738       0x2c ./framework/LowPower/Source/MKW41Z/PWR.o
                0x00011738                PWR_AllowXcvrToSleep
 .text.PWR_DisallowXcvrToSleep
                0x00011764       0x38 ./framework/LowPower/Source/MKW41Z/PWR.o
                0x00011764                PWR_DisallowXcvrToSleep
 .text.PWR_CheckIfDeviceCanGoToSleep
                0x0001179c       0x2c ./framework/LowPower/Source/MKW41Z/PWR.o
                0x0001179c                PWR_CheckIfDeviceCanGoToSleep
 .text.PWR_RegisterLowPowerEnterCallback
                0x000117c8       0x1c ./framework/LowPower/Source/MKW41Z/PWR.o
                0x000117c8                PWR_RegisterLowPowerEnterCallback
 .text.PWR_RegisterLowPowerExitCallback
                0x000117e4       0x1c ./framework/LowPower/Source/MKW41Z/PWR.o
                0x000117e4                PWR_RegisterLowPowerExitCallback
 .text.NVIC_EnableIRQ
                0x00011800       0x2c ./framework/LowPower/Source/MKW41Z/PWRLib.o
 .text.NVIC_SetPriority
                0x0001182c       0xdc ./framework/LowPower/Source/MKW41Z/PWRLib.o
 .text.PWRLib_ConfigRSIM
                0x00011908       0x78 ./framework/LowPower/Source/MKW41Z/PWRLib.o
                0x00011908                PWRLib_ConfigRSIM
 .text.PWRLib_ConfigLLWU
                0x00011980       0x58 ./framework/LowPower/Source/MKW41Z/PWRLib.o
                0x00011980                PWRLib_ConfigLLWU
 .text.PWRLib_GetDeepSleepMode
                0x000119d8       0x14 ./framework/LowPower/Source/MKW41Z/PWRLib.o
                0x000119d8                PWRLib_GetDeepSleepMode
 .text.PWRLib_MCU_Enter_Sleep
                0x000119ec       0x28 ./framework/LowPower/Source/MKW41Z/PWRLib.o
                0x000119ec                PWRLib_MCU_Enter_Sleep
 .text.PWRLib_MCU_Enter_VLLS1
                0x00011a14       0x8c ./framework/LowPower/Source/MKW41Z/PWRLib.o
                0x00011a14                PWRLib_MCU_Enter_VLLS1
 .text.PWRLib_MCU_Enter_VLLS2
                0x00011aa0       0x8c ./framework/LowPower/Source/MKW41Z/PWRLib.o
                0x00011aa0                PWRLib_MCU_Enter_VLLS2
 .text.PWRLib_MCU_Enter_LLS2
                0x00011b2c       0x8c ./framework/LowPower/Source/MKW41Z/PWRLib.o
                0x00011b2c                PWRLib_MCU_Enter_LLS2
 .text.PWRLib_MCU_Enter_LLS3
                0x00011bb8       0x8c ./framework/LowPower/Source/MKW41Z/PWRLib.o
                0x00011bb8                PWRLib_MCU_Enter_LLS3
 .text.PWRLib_MCU_Enter_Stop
                0x00011c44       0x48 ./framework/LowPower/Source/MKW41Z/PWRLib.o
                0x00011c44                PWRLib_MCU_Enter_Stop
 .text.PWRLib_LLWU_GetWakeUpFlags
                0x00011c8c       0x64 ./framework/LowPower/Source/MKW41Z/PWRLib.o
                0x00011c8c                PWRLib_LLWU_GetWakeUpFlags
 .text.PWRLib_LLWU_UpdateWakeupReason
                0x00011cf0       0x9c ./framework/LowPower/Source/MKW41Z/PWRLib.o
                0x00011cf0                PWRLib_LLWU_UpdateWakeupReason
 .text.PWRLib_LPTMR_GetTimeSettings
                0x00011d8c       0xd4 ./framework/LowPower/Source/MKW41Z/PWRLib.o
                0x00011d8c                PWRLib_LPTMR_GetTimeSettings
 .text.PWRLib_LPTMR_ClockStart
                0x00011e60       0x6c ./framework/LowPower/Source/MKW41Z/PWRLib.o
                0x00011e60                PWRLib_LPTMR_ClockStart
 .text.PWRLib_LPTMR_ClockCheck
                0x00011ecc       0x64 ./framework/LowPower/Source/MKW41Z/PWRLib.o
                0x00011ecc                PWRLib_LPTMR_ClockCheck
 .text.PWRLib_LPTMR_ClockStop
                0x00011f30       0x6c ./framework/LowPower/Source/MKW41Z/PWRLib.o
                0x00011f30                PWRLib_LPTMR_ClockStop
 .text.PWRLib_StopUpdateWakeupReason
                0x00011f9c       0xa0 ./framework/LowPower/Source/MKW41Z/PWRLib.o
                0x00011f9c                PWRLib_StopUpdateWakeupReason
 .text.PWRLib_LPTMR_Isr
                0x0001203c       0x1c ./framework/LowPower/Source/MKW41Z/PWRLib.o
                0x0001203c                PWRLib_LPTMR_Isr
 .text.PWRLib_LPTMR_Init
                0x00012058       0x84 ./framework/LowPower/Source/MKW41Z/PWRLib.o
                0x00012058                PWRLib_LPTMR_Init
 .text.PWRLib_LLWU_Isr
                0x000120dc       0xa0 ./framework/LowPower/Source/MKW41Z/PWRLib.o
                0x000120dc                PWRLib_LLWU_Isr
 .text.PWRLib_Init
                0x0001217c      0x1a4 ./framework/LowPower/Source/MKW41Z/PWRLib.o
                0x0001217c                PWRLib_Init
 .text.LED_Init
                0x00012320       0x2c ./framework/LED/Source/LED.o
                0x00012320                LED_Init
 .text.LED_Operate
                0x0001234c       0x8c ./framework/LED/Source/LED.o
                0x0001234c                LED_Operate
 .text.LED_StartBlip
                0x000123d8       0x64 ./framework/LED/Source/LED.o
                0x000123d8                LED_StartBlip
 .text.LED_StopFlash
                0x0001243c       0x4c ./framework/LED/Source/LED.o
                0x0001243c                LED_StopFlash
 .text.LED_SetLed
                0x00012488       0xb8 ./framework/LED/Source/LED.o
                0x00012488                LED_SetLed
 .text.LED_StartFlashWithPeriod
                0x00012540       0x58 ./framework/LED/Source/LED.o
                0x00012540                LED_StartFlashWithPeriod
 .text.LED_StartSerialFlashWithPeriod
                0x00012598       0x74 ./framework/LED/Source/LED.o
                0x00012598                LED_StartSerialFlashWithPeriod
 .text.LED_StopSerialFlash
                0x0001260c       0x44 ./framework/LED/Source/LED.o
                0x0001260c                LED_StopSerialFlash
 .text.LED_DecrementBlip
                0x00012650       0x8c ./framework/LED/Source/LED.o
 .text.LED_FlashTimeout
                0x000126dc       0x74 ./framework/LED/Source/LED.o
 .text.KbGpioInit
                0x00012750       0x58 ./framework/Keyboard/Source/Keyboard.o
 .text.KBD_KeySwitchPortGet
                0x000127a8       0x7c ./framework/Keyboard/Source/Keyboard.o
 .text.KBD_KeyCheck
                0x00012824       0xa0 ./framework/Keyboard/Source/Keyboard.o
 .text.KeyScan  0x000128c4      0x154 ./framework/Keyboard/Source/Keyboard.o
 .text.Switch_CheckIRQ
                0x00012a18       0x50 ./framework/Keyboard/Source/Keyboard.o
 .text.KBD_Init
                0x00012a68       0xdc ./framework/Keyboard/Source/Keyboard.o
                0x00012a68                KBD_Init
 .text.KBD_IsWakeUpSource
                0x00012b44       0x48 ./framework/Keyboard/Source/Keyboard.o
                0x00012b44                KBD_IsWakeUpSource
 .text.Switch_Press_ISR
                0x00012b8c       0x70 ./framework/Keyboard/Source/Keyboard.o
                0x00012b8c                Switch_Press_ISR
 .text.NVIC_EnableIRQ
                0x00012bfc       0x2c ./framework/GPIO/GPIO_Adapter.o
 .text.NVIC_ClearPendingIRQ
                0x00012c28       0x30 ./framework/GPIO/GPIO_Adapter.o
 .text.NVIC_SetPriority
                0x00012c58       0xdc ./framework/GPIO/GPIO_Adapter.o
 .text.NVIC_GetPriority
                0x00012d34       0x7c ./framework/GPIO/GPIO_Adapter.o
 .text.PORT_SetPinConfig
                0x00012db0       0x38 ./framework/GPIO/GPIO_Adapter.o
 .text.PORT_SetPinMux
                0x00012de8       0x40 ./framework/GPIO/GPIO_Adapter.o
 .text.PORT_SetPinInterruptConfig
                0x00012e28       0x40 ./framework/GPIO/GPIO_Adapter.o
 .text.GpioGetPinPCR
                0x00012e68       0x34 ./framework/GPIO/GPIO_Adapter.o
                0x00012e68                GpioGetPinPCR
 .text.GpioSetPinPCR_ISF_Preserved
                0x00012e9c       0x40 ./framework/GPIO/GPIO_Adapter.o
                0x00012e9c                GpioSetPinPCR_ISF_Preserved
 .text.GpioSetPinMux
                0x00012edc       0x44 ./framework/GPIO/GPIO_Adapter.o
                0x00012edc                GpioSetPinMux
 .text.GpioSetPinMux_ISF_Preserved
                0x00012f20       0x64 ./framework/GPIO/GPIO_Adapter.o
                0x00012f20                GpioSetPinMux_ISF_Preserved
 .text.GpioClearPinIntFlag
                0x00012f84       0x34 ./framework/GPIO/GPIO_Adapter.o
                0x00012f84                GpioClearPinIntFlag
 .text.GpioIsPinIntPending
                0x00012fb8       0x38 ./framework/GPIO/GPIO_Adapter.o
                0x00012fb8                GpioIsPinIntPending
 .text.GpioSetPinOutput
                0x00012ff0       0x34 ./framework/GPIO/GPIO_Adapter.o
                0x00012ff0                GpioSetPinOutput
 .text.GpioClearPinOutput
                0x00013024       0x34 ./framework/GPIO/GPIO_Adapter.o
                0x00013024                GpioClearPinOutput
 .text.GpioTogglePinOutput
                0x00013058       0x34 ./framework/GPIO/GPIO_Adapter.o
                0x00013058                GpioTogglePinOutput
 .text.GpioReadPinInput
                0x0001308c       0x30 ./framework/GPIO/GPIO_Adapter.o
                0x0001308c                GpioReadPinInput
 .text.GpioInputPinInit
                0x000130bc      0x104 ./framework/GPIO/GPIO_Adapter.o
                0x000130bc                GpioInputPinInit
 .text.GpioOutputPinInit
                0x000131c0      0x100 ./framework/GPIO/GPIO_Adapter.o
                0x000131c0                GpioOutputPinInit
 .text.GpioInstallIsr
                0x000132c0      0x2c4 ./framework/GPIO/GPIO_Adapter.o
                0x000132c0                GpioInstallIsr
 .text.Gpio_CommonIsr
                0x00013584       0xb0 ./framework/GPIO/GPIO_Adapter.o
 .text.Gpio_InstallPortISR
                0x00013634       0x60 ./framework/GPIO/GPIO_Adapter.o
 .text.NV_FlashProgramAdaptation
                0x00013694       0x74 ./framework/Flash/Internal/Flash_Adapter.o
 .text.NV_ComputeCrcOverHWParameters
                0x00013708       0xd0 ./framework/Flash/Internal/Flash_Adapter.o
 .text.NV_Init  0x000137d8       0x28 ./framework/Flash/Internal/Flash_Adapter.o
                0x000137d8                NV_Init
 .text.NV_FlashVerifyErase
                0x00013800       0x38 ./framework/Flash/Internal/Flash_Adapter.o
                0x00013800                NV_FlashVerifyErase
 .text.NV_FlashEraseSector
                0x00013838       0x34 ./framework/Flash/Internal/Flash_Adapter.o
                0x00013838                NV_FlashEraseSector
 .text.NV_ReadHWParameters
                0x0001386c       0x68 ./framework/Flash/Internal/Flash_Adapter.o
                0x0001386c                NV_ReadHWParameters
 .text.CLOCK_EnableClock
                0x000138d4       0x34 ./framework/DCDC/Source/DCDC.o
 .text.ADC16_GetChannelConversionValue
                0x00013908       0x30 ./framework/DCDC/Source/DCDC.o
 .text.DCDC_MakeADCConversion
                0x00013938       0x44 ./framework/DCDC/Source/DCDC.o
 .text.DCDC_AdjustVbatDiv
                0x0001397c       0x68 ./framework/DCDC/Source/DCDC.o
 .text.DCDC_Get1P8VOutputTargetAndVBatInmV
                0x000139e4       0xf4 ./framework/DCDC/Source/DCDC.o
 .text.DCDC_mVTo1P8OutputTargetBoost
                0x00013ad8      0x168 ./framework/DCDC/Source/DCDC.o
 .text.DCDC_mVTo1P8OutputTargetBuck
                0x00013c40       0xe4 ./framework/DCDC/Source/DCDC.o
 .text.DCDC_mVToMcuVOutputTargetBoost
                0x00013d24       0x8c ./framework/DCDC/Source/DCDC.o
                0x00013d24                DCDC_mVToMcuVOutputTargetBoost
 .text.DCDC_GetOutputTargetsBoost
                0x00013db0       0xcc ./framework/DCDC/Source/DCDC.o
 .text.DCDC_GetOutputTargetsBuck
                0x00013e7c       0x88 ./framework/DCDC/Source/DCDC.o
 .text.DCDC_VBatMonitorBoost
                0x00013f04      0x1b8 ./framework/DCDC/Source/DCDC.o
 .text.DCDC_VBatMonitorBuck
                0x000140bc      0x1bc ./framework/DCDC/Source/DCDC.o
 .text.DCDC_Init
                0x00014278      0x218 ./framework/DCDC/Source/DCDC.o
                0x00014278                DCDC_Init
 .text.DCDC_PrepareForPulsedMode
                0x00014490       0x68 ./framework/DCDC/Source/DCDC.o
                0x00014490                DCDC_PrepareForPulsedMode
 .text.DCDC_PrepareForContinuousMode
                0x000144f8       0x6c ./framework/DCDC/Source/DCDC.o
                0x000144f8                DCDC_PrepareForContinuousMode
 .text.CLOCK_EnableClock
                0x00014564       0x34 ./drivers/fsl_adc16.o
 .text.ADC16_GetInstance
                0x00014598       0x48 ./drivers/fsl_adc16.o
 .text.ADC16_Init
                0x000145e0      0x114 ./drivers/fsl_adc16.o
                0x000145e0                ADC16_Init
 .text.ADC16_SetChannelConfig
                0x000146f4       0x6c ./drivers/fsl_adc16.o
                0x000146f4                ADC16_SetChannelConfig
 .text.ADC16_GetChannelStatusFlags
                0x00014760       0x40 ./drivers/fsl_adc16.o
                0x00014760                ADC16_GetChannelStatusFlags
 .text.CLOCK_SetEr32kClock
                0x000147a0       0x34 ./drivers/fsl_clock.o
 .text.CLOCK_GetMcgExtClkFreq
                0x000147d4       0x70 ./drivers/fsl_clock.o
 .text.CLOCK_GetFllExtRefClkFreq
                0x00014844       0xbc ./drivers/fsl_clock.o
 .text.CLOCK_GetInternalRefClkSelectFreq
                0x00014900       0x40 ./drivers/fsl_clock.o
 .text.CLOCK_GetFllRefClkFreq
                0x00014940       0x2c ./drivers/fsl_clock.o
 .text.CLOCK_GetOscRangeFromFreq
                0x0001496c       0x4c ./drivers/fsl_clock.o
 .text.CLOCK_GetOsc0ErClkFreq
                0x000149b8       0x28 ./drivers/fsl_clock.o
                0x000149b8                CLOCK_GetOsc0ErClkFreq
 .text.CLOCK_GetBusClkFreq
                0x000149e0       0x50 ./drivers/fsl_clock.o
                0x000149e0                CLOCK_GetBusClkFreq
 .text.CLOCK_SetSimConfig
                0x00014a30       0x2c ./drivers/fsl_clock.o
                0x00014a30                CLOCK_SetSimConfig
 .text.CLOCK_GetOutClkFreq
                0x00014a5c       0x60 ./drivers/fsl_clock.o
                0x00014a5c                CLOCK_GetOutClkFreq
 .text.CLOCK_GetFllFreq
                0x00014abc       0x78 ./drivers/fsl_clock.o
                0x00014abc                CLOCK_GetFllFreq
 .text.CLOCK_GetInternalRefClkFreq
                0x00014b34       0x28 ./drivers/fsl_clock.o
                0x00014b34                CLOCK_GetInternalRefClkFreq
 .text.CLOCK_SetExternalRefClkConfig
                0x00014b5c       0x80 ./drivers/fsl_clock.o
                0x00014b5c                CLOCK_SetExternalRefClkConfig
 .text.CLOCK_SetInternalRefClkConfig
                0x00014bdc      0x124 ./drivers/fsl_clock.o
                0x00014bdc                CLOCK_SetInternalRefClkConfig
 .text.CLOCK_InitOsc0
                0x00014d00       0x68 ./drivers/fsl_clock.o
                0x00014d00                CLOCK_InitOsc0
 .text.CLOCK_SetFeeMode
                0x00014d68      0x138 ./drivers/fsl_clock.o
                0x00014d68                CLOCK_SetFeeMode
 .text.__assertion_failed
                0x00014ea0       0x1c ./drivers/fsl_common.o
                0x00014ea0                __assertion_failed
 .text.InstallIRQHandler
                0x00014ebc       0x98 ./drivers/fsl_common.o
                0x00014ebc                InstallIRQHandler
 .text.DSPI_CommonIRQHandler
                0x00014f54       0x40 ./drivers/fsl_dspi.o
 .text.SPI0_DriverIRQHandler
                0x00014f94       0x34 ./drivers/fsl_dspi.o
                0x00014f94                SPI0_DriverIRQHandler
 .text.SPI1_DriverIRQHandler
                0x00014fc8       0x34 ./drivers/fsl_dspi.o
                0x00014fc8                SPI1_DriverIRQHandler
 .text.FLASH_Init
                0x00014ffc       0xe8 ./drivers/fsl_flash.o
                0x00014ffc                FLASH_Init
 .text.FLASH_Erase
                0x000150e4       0xf4 ./drivers/fsl_flash.o
                0x000150e4                FLASH_Erase
 .text.FLASH_Program
                0x000151d8      0x100 ./drivers/fsl_flash.o
                0x000151d8                FLASH_Program
 .text.FLASH_VerifyErase
                0x000152d8      0x10c ./drivers/fsl_flash.o
                0x000152d8                FLASH_VerifyErase
 .text.copy_flash_run_command
                0x000153e4       0x30 ./drivers/fsl_flash.o
 .text.flash_command_sequence
                0x00015414       0x78 ./drivers/fsl_flash.o
 .text.copy_flash_common_bit_operation
                0x0001548c       0x3c ./drivers/fsl_flash.o
 .text.mcm_flash_cache_clear
                0x000154c8       0x2c ./drivers/fsl_flash.o
                0x000154c8                mcm_flash_cache_clear
 .text.flash_check_user_key
                0x000154f4       0x24 ./drivers/fsl_flash.o
 .text.GPIO_PinInit
                0x00015518       0x64 ./drivers/fsl_gpio.o
                0x00015518                GPIO_PinInit
 .text.I2C_TransferCommonIRQHandler
                0x0001557c       0x58 ./drivers/fsl_i2c.o
 .text.I2C0_DriverIRQHandler
                0x000155d4       0x20 ./drivers/fsl_i2c.o
                0x000155d4                I2C0_DriverIRQHandler
 .text.I2C1_DriverIRQHandler
                0x000155f4       0x20 ./drivers/fsl_i2c.o
                0x000155f4                I2C1_DriverIRQHandler
 .text.CLOCK_EnableClock
                0x00015614       0x34 ./drivers/fsl_lpuart.o
 .text.LPUART_GetInstance
                0x00015648       0x48 ./drivers/fsl_lpuart.o
                0x00015648                LPUART_GetInstance
 .text.LPUART_Init
                0x00015690      0x284 ./drivers/fsl_lpuart.o
                0x00015690                LPUART_Init
 .text.LPUART_GetDefaultConfig
                0x00015914       0x50 ./drivers/fsl_lpuart.o
                0x00015914                LPUART_GetDefaultConfig
 .text.LPUART_SetBaudRate
                0x00015964      0x188 ./drivers/fsl_lpuart.o
                0x00015964                LPUART_SetBaudRate
 .text.LPUART_GetEnabledInterrupts
                0x00015aec       0x30 ./drivers/fsl_lpuart.o
                0x00015aec                LPUART_GetEnabledInterrupts
 .text.LPUART_ClearStatusFlags
                0x00015b1c       0x88 ./drivers/fsl_lpuart.o
                0x00015b1c                LPUART_ClearStatusFlags
 .text.LPUART0_DriverIRQHandler
                0x00015ba4       0x24 ./drivers/fsl_lpuart.o
                0x00015ba4                LPUART0_DriverIRQHandler
 .text.CLOCK_EnableClock
                0x00015bc8       0x34 ./drivers/fsl_ltc.o
 .text.ltc_clear_all
                0x00015bfc       0x20 ./drivers/fsl_ltc.o
                0x00015bfc                ltc_clear_all
 .text.ltc_symmetric_alg_state
                0x00015c1c       0x74 ./drivers/fsl_ltc.o
 .text.LTC_Init
                0x00015c90       0x1c ./drivers/fsl_ltc.o
                0x00015c90                LTC_Init
 .text.ltc_aes_ccm_process_aad
                0x00015cac      0x1b4 ./drivers/fsl_ltc.o
 .text.ltc_aes_ccm_process
                0x00015e60      0x160 ./drivers/fsl_ltc.o
 .text.CLOCK_EnableClock
                0x00015fc0       0x34 ./drivers/fsl_tpm.o
 .text.TPM_GetInstance
                0x00015ff4       0x54 ./drivers/fsl_tpm.o
 .text.TPM_Init
                0x00016048       0xec ./drivers/fsl_tpm.o
                0x00016048                TPM_Init
 .text.TPM_SetupOutputCompare
                0x00016134      0x130 ./drivers/fsl_tpm.o
                0x00016134                TPM_SetupOutputCompare
 .text.CLOCK_EnableClock
                0x00016264       0x34 ./drivers/fsl_trng.o
 .text.trng_GetInstance
                0x00016298       0x48 ./drivers/fsl_trng.o
 .text.TRNG_GetDefaultConfig
                0x000162e0       0xe0 ./drivers/fsl_trng.o
                0x000162e0                TRNG_GetDefaultConfig
 .text.trng_SetRetryCount
                0x000163c0       0x50 ./drivers/fsl_trng.o
 .text.trng_SetStatisticalCheckLimit
                0x00016410      0x320 ./drivers/fsl_trng.o
 .text.trng_ApplyUserConfig
                0x00016730      0x1c4 ./drivers/fsl_trng.o
 .text.TRNG_Init
                0x000168f4       0xb8 ./drivers/fsl_trng.o
                0x000168f4                TRNG_Init
 .text.CLOCK_EnableClock
                0x000169ac       0x34 ./board/board.o
 .text.hardware_init
                0x000169e0      0x160 ./board/board.o
                0x000169e0                hardware_init
 .text.NMI_Handler
                0x00016b40       0x20 ./board/board.o
                0x00016b40                NMI_Handler
 .text.BOARD_DCDCInit
                0x00016b60       0x18 ./board/board.o
                0x00016b60                BOARD_DCDCInit
 .text.BOARD_InstallLowPowerCallbacks
                0x00016b78       0x24 ./board/board.o
                0x00016b78                BOARD_InstallLowPowerCallbacks
 .text.BOARD_SetPinsLowPower
                0x00016b9c       0xb8 ./board/board.o
                0x00016b9c                BOARD_SetPinsLowPower
 .text.BOARD_EnterLowPowerCb
                0x00016c54       0x2c ./board/board.o
                0x00016c54                BOARD_EnterLowPowerCb
 .text.BOARD_GetLpuartClock
                0x00016c80       0x68 ./board/board.o
                0x00016c80                BOARD_GetLpuartClock
 .text.BOARD_GetTpmClock
                0x00016ce8       0x68 ./board/board.o
                0x00016ce8                BOARD_GetTpmClock
 .text.BOARD_BLPItoBLPE
                0x00016d50       0x20 ./board/board.o
                0x00016d50                BOARD_BLPItoBLPE
 .text.CLOCK_EnableClock
                0x00016d70       0x34 ./board/clock_config.o
 .text.CLOCK_DisableClock
                0x00016da4       0x38 ./board/clock_config.o
 .text.CLOCK_SetLpuartClock
                0x00016ddc       0x38 ./board/clock_config.o
 .text.CLOCK_SetTpmClock
                0x00016e14       0x38 ./board/clock_config.o
 .text.CLOCK_SetSimSafeDivs
                0x00016e4c       0x1c ./board/clock_config.o
 .text.CLOCK_SetXtal0Freq
                0x00016e68       0x1c ./board/clock_config.o
 .text.CLOCK_SetXtal32Freq
                0x00016e84       0x1c ./board/clock_config.o
 .text.RTC_SetOscCapLoad
                0x00016ea0       0x34 ./board/clock_config.o
 .text.CLOCK_CONFIG_FllStableDelay
                0x00016ed4       0x28 ./board/clock_config.o
 .text.CLOCK_CONFIG_SetRtcClock
                0x00016efc       0x4c ./board/clock_config.o
 .text.CLOCK_CONFIG_EnableRtcOsc
                0x00016f48       0x50 ./board/clock_config.o
 .text.BOARD_RfOscInit
                0x00016f98       0xc8 ./board/clock_config.o
                0x00016f98                BOARD_RfOscInit
 .text.BOARD_InitOsc0
                0x00017060       0x30 ./board/clock_config.o
                0x00017060                BOARD_InitOsc0
 .text.BOARD_BootClockRUN
                0x00017090       0x6c ./board/clock_config.o
                0x00017090                BOARD_BootClockRUN
 .text.CLOCK_EnableClock
                0x000170fc       0x34 ./board/pin_mux.o
 .text.PORT_SetPinMux
                0x00017130       0x40 ./board/pin_mux.o
 .text.BOARD_InitButtons
                0x00017170       0x34 ./board/pin_mux.o
                0x00017170                BOARD_InitButtons
 .text.BOARD_InitLEDs
                0x000171a4       0x78 ./board/pin_mux.o
                0x000171a4                BOARD_InitLEDs
 .text.BOARD_InitLPUART
                0x0001721c       0x4c ./board/pin_mux.o
                0x0001721c                BOARD_InitLPUART
 .text.SystemInit
                0x00017268       0x18 ./CMSIS/system_MKW41Z4.o
                0x00017268                SystemInit
 .text.roundf   0x00017280       0x48 c:/nxp/mcuxpressoide_11.9.0_2144/ide/plugins/com.nxp.mcuxpresso.tools.win32_11.9.0.202307121226/tools/bin/../lib/gcc/arm-none-eabi/12.3.1/thumb/v6-m/nofp\libm.a(libm_a-sf_round.o)
                0x00017280                roundf
 .text.exit     0x000172c8       0x20 c:/nxp/mcuxpressoide_11.9.0_2144/ide/plugins/com.nxp.mcuxpresso.tools.win32_11.9.0.202307121226/tools/bin/../lib/gcc/arm-none-eabi/12.3.1/thumb/v6-m/nofp\libc.a(libc_a-exit.o)
                0x000172c8                exit
 .text.memset   0x000172e8       0xa8 c:/nxp/mcuxpressoide_11.9.0_2144/ide/plugins/com.nxp.mcuxpresso.tools.win32_11.9.0.202307121226/tools/bin/../lib/gcc/arm-none-eabi/12.3.1/thumb/v6-m/nofp\libc.a(libc_a-memset.o)
                0x000172e8                memset
 .text.strncpy  0x00017390       0x60 c:/nxp/mcuxpressoide_11.9.0_2144/ide/plugins/com.nxp.mcuxpresso.tools.win32_11.9.0.202307121226/tools/bin/../lib/gcc/arm-none-eabi/12.3.1/thumb/v6-m/nofp\libc.a(libc_a-strncpy.o)
                0x00017390                strncpy
 .text.__libc_init_array
                0x000173f0       0x48 c:/nxp/mcuxpressoide_11.9.0_2144/ide/plugins/com.nxp.mcuxpresso.tools.win32_11.9.0.202307121226/tools/bin/../lib/gcc/arm-none-eabi/12.3.1/thumb/v6-m/nofp\libc.a(libc_a-init.o)
                0x000173f0                __libc_init_array
 .text.__retarget_lock_acquire_recursive
                0x00017438        0x4 c:/nxp/mcuxpressoide_11.9.0_2144/ide/plugins/com.nxp.mcuxpresso.tools.win32_11.9.0.202307121226/tools/bin/../lib/gcc/arm-none-eabi/12.3.1/thumb/v6-m/nofp\libc.a(libc_a-lock.o)
                0x00017438                __retarget_lock_acquire_recursive
 .text.__retarget_lock_release_recursive
                0x0001743c        0x4 c:/nxp/mcuxpressoide_11.9.0_2144/ide/plugins/com.nxp.mcuxpresso.tools.win32_11.9.0.202307121226/tools/bin/../lib/gcc/arm-none-eabi/12.3.1/thumb/v6-m/nofp\libc.a(libc_a-lock.o)
                0x0001743c                __retarget_lock_release_recursive
 .text.memcpy   0x00017440       0x90 c:/nxp/mcuxpressoide_11.9.0_2144/ide/plugins/com.nxp.mcuxpresso.tools.win32_11.9.0.202307121226/tools/bin/../lib/gcc/arm-none-eabi/12.3.1/thumb/v6-m/nofp\libc.a(libc_a-memcpy-stub.o)
                0x00017440                memcpy
 .text.strlen   0x000174d0       0x5c c:/nxp/mcuxpressoide_11.9.0_2144/ide/plugins/com.nxp.mcuxpresso.tools.win32_11.9.0.202307121226/tools/bin/../lib/gcc/arm-none-eabi/12.3.1/thumb/v6-m/nofp\libc.a(libc_a-strlen-stub.o)
                0x000174d0                strlen
 .text.startup.register_fini
                0x0001752c       0x18 c:/nxp/mcuxpressoide_11.9.0_2144/ide/plugins/com.nxp.mcuxpresso.tools.win32_11.9.0.202307121226/tools/bin/../lib/gcc/arm-none-eabi/12.3.1/thumb/v6-m/nofp\libc.a(libc_a-__call_atexit.o)
 .text.__call_exitprocs
                0x00017544       0xe8 c:/nxp/mcuxpressoide_11.9.0_2144/ide/plugins/com.nxp.mcuxpresso.tools.win32_11.9.0.202307121226/tools/bin/../lib/gcc/arm-none-eabi/12.3.1/thumb/v6-m/nofp\libc.a(libc_a-__call_atexit.o)
                0x00017544                __call_exitprocs
 .text.atexit   0x0001762c       0x10 c:/nxp/mcuxpressoide_11.9.0_2144/ide/plugins/com.nxp.mcuxpresso.tools.win32_11.9.0.202307121226/tools/bin/../lib/gcc/arm-none-eabi/12.3.1/thumb/v6-m/nofp\libc.a(libc_a-atexit.o)
                0x0001762c                atexit
 .text.__libc_fini_array
                0x0001763c       0x28 c:/nxp/mcuxpressoide_11.9.0_2144/ide/plugins/com.nxp.mcuxpresso.tools.win32_11.9.0.202307121226/tools/bin/../lib/gcc/arm-none-eabi/12.3.1/thumb/v6-m/nofp\libc.a(libc_a-fini.o)
                0x0001763c                __libc_fini_array
 .text.__register_exitproc
                0x00017664       0xa8 c:/nxp/mcuxpressoide_11.9.0_2144/ide/plugins/com.nxp.mcuxpresso.tools.win32_11.9.0.202307121226/tools/bin/../lib/gcc/arm-none-eabi/12.3.1/thumb/v6-m/nofp\libc.a(libc_a-__atexit.o)
                0x00017664                __register_exitproc
 .text.__muldi3
                0x0001770c       0x5c c:/nxp/mcuxpressoide_11.9.0_2144/ide/plugins/com.nxp.mcuxpresso.tools.win32_11.9.0.202307121226/tools/bin/../lib/gcc/arm-none-eabi/12.3.1/thumb/v6-m/nofp\libgcc.a(_muldi3.o)
                0x0001770c                __muldi3
                0x0001770c                __aeabi_lmul
 .text.__fixunssfsi
                0x00017768       0x30 c:/nxp/mcuxpressoide_11.9.0_2144/ide/plugins/com.nxp.mcuxpresso.tools.win32_11.9.0.202307121226/tools/bin/../lib/gcc/arm-none-eabi/12.3.1/thumb/v6-m/nofp\libgcc.a(_fixunssfsi.o)
                0x00017768                __fixunssfsi
                0x00017768                __aeabi_f2uiz
 .text.__udivmoddi4
                0x00017798      0x198 c:/nxp/mcuxpressoide_11.9.0_2144/ide/plugins/com.nxp.mcuxpresso.tools.win32_11.9.0.202307121226/tools/bin/../lib/gcc/arm-none-eabi/12.3.1/thumb/v6-m/nofp\libgcc.a(_udivmoddi4.o)
                0x00017798                __udivmoddi4
 .text.__aeabi_fadd
                0x00017930      0x314 c:/nxp/mcuxpressoide_11.9.0_2144/ide/plugins/com.nxp.mcuxpresso.tools.win32_11.9.0.202307121226/tools/bin/../lib/gcc/arm-none-eabi/12.3.1/thumb/v6-m/nofp\libgcc.a(addsf3.o)
                0x00017930                __aeabi_fadd
 .text.__aeabi_fdiv
                0x00017c44      0x240 c:/nxp/mcuxpressoide_11.9.0_2144/ide/plugins/com.nxp.mcuxpresso.tools.win32_11.9.0.202307121226/tools/bin/../lib/gcc/arm-none-eabi/12.3.1/thumb/v6-m/nofp\libgcc.a(divsf3.o)
                0x00017c44                __aeabi_fdiv
 .text.__eqsf2  0x00017e84       0x50 c:/nxp/mcuxpressoide_11.9.0_2144/ide/plugins/com.nxp.mcuxpresso.tools.win32_11.9.0.202307121226/tools/bin/../lib/gcc/arm-none-eabi/12.3.1/thumb/v6-m/nofp\libgcc.a(eqsf2.o)
                0x00017e84                __eqsf2
                0x00017e84                __nesf2
 .text.__gesf2  0x00017ed4       0xa0 c:/nxp/mcuxpressoide_11.9.0_2144/ide/plugins/com.nxp.mcuxpresso.tools.win32_11.9.0.202307121226/tools/bin/../lib/gcc/arm-none-eabi/12.3.1/thumb/v6-m/nofp\libgcc.a(gesf2.o)
                0x00017ed4                __gesf2
                0x00017ed4                __gtsf2
 .text.__lesf2  0x00017f74       0x9c c:/nxp/mcuxpressoide_11.9.0_2144/ide/plugins/com.nxp.mcuxpresso.tools.win32_11.9.0.202307121226/tools/bin/../lib/gcc/arm-none-eabi/12.3.1/thumb/v6-m/nofp\libgcc.a(lesf2.o)
                0x00017f74                __ltsf2
                0x00017f74                __lesf2
 .text.__aeabi_fmul