../source/mwa_end_device.c:201:6:main_task	16	static
../source/mwa_end_device.c:259:6:App_Idle_Task	32	static
../source/mwa_end_device.c:311:6:App_init	8	static
../source/mwa_end_device.c:374:6:AppThread	104	static
../source/mwa_end_device.c:657:6:timer_count	16	static
../source/mwa_end_device.c:676:13:UartRxCallBack	32	static
../source/mwa_end_device.c:712:16:App_StartScan	32	static
../source/mwa_end_device.c:775:16:App_HandleScanActiveConfirm	48	static
../source/mwa_end_device.c:842:16:App_SendAssociateRequest	24	static
../source/mwa_end_device.c:905:16:App_HandleAssociateConfirm	16	static
../source/mwa_end_device.c:955:16:App_HandleMlmeInput	16	static
../source/mwa_end_device.c:1013:13:App_HandleMcpsInput	16	static
../source/mwa_end_device.c:1051:16:App_WaitMsg	16	static
../source/mwa_end_device.c:1083:13:App_TransmitUartData	24	static
../source/mwa_end_device.c:1158:6:intToStr	32	static
../source/mwa_end_device.c:1176:6:SendCounterPacket	32	static
../source/mwa_end_device.c:1240:16:AppPollWaitTimeout	32	static
../source/mwa_end_device.c:1280:13:App_HandleKeys	16	static
../source/mwa_end_device.c:1348:14:MLME_NWK_SapHandler	16	static
../source/mwa_end_device.c:1356:14:MCPS_NWK_SapHandler	16	static
