../framework/OSAbstraction/Source/fsl_os_abstraction_bm.c:188:6:OSA_EnableIRQGlobal	8	static
../framework/OSAbstraction/Source/fsl_os_abstraction_bm.c:208:6:OSA_DisableIRQGlobal	8	static
../framework/OSAbstraction/Source/fsl_os_abstraction_bm.c:225:13:OSA_TaskGetId	8	static
../framework/OSAbstraction/Source/fsl_os_abstraction_bm.c:236:13:OSA_TaskYield	8	static
../framework/OSAbstraction/Source/fsl_os_abstraction_bm.c:247:19:OSA_TaskGetPriority	24	static
../framework/OSAbstraction/Source/fsl_os_abstraction_bm.c:259:13:OSA_TaskSetPriority	24	static
../framework/OSAbstraction/Source/fsl_os_abstraction_bm.c:311:6:task_init	16	static
../framework/OSAbstraction/Source/fsl_os_abstraction_bm.c:334:13:OSA_TaskCreate	32	static
../framework/OSAbstraction/Source/fsl_os_abstraction_bm.c:399:13:OSA_TaskDestroy	24	static
../framework/OSAbstraction/Source/fsl_os_abstraction_bm.c:438:18:OSA_TimeInit	8	static
../framework/OSAbstraction/Source/fsl_os_abstraction_bm.c:455:22:OSA_TimeDiff	16	static
../framework/OSAbstraction/Source/fsl_os_abstraction_bm.c:473:6:OSA_TimeDelay	24	static
../framework/OSAbstraction/Source/fsl_os_abstraction_bm.c:489:22:OSA_TimeGetMsec	8	static
../framework/OSAbstraction/Source/fsl_os_abstraction_bm.c:505:18:OSA_SemaphoreCreate	24	static
../framework/OSAbstraction/Source/fsl_os_abstraction_bm.c:536:13:OSA_SemaphoreDestroy	16	static
../framework/OSAbstraction/Source/fsl_os_abstraction_bm.c:565:13:OSA_SemaphoreWait	24	static
../framework/OSAbstraction/Source/fsl_os_abstraction_bm.c:635:13:OSA_SemaphorePost	24	static
../framework/OSAbstraction/Source/fsl_os_abstraction_bm.c:667:14:OSA_MutexCreate	16	static
../framework/OSAbstraction/Source/fsl_os_abstraction_bm.c:700:13:OSA_MutexLock	24	static
../framework/OSAbstraction/Source/fsl_os_abstraction_bm.c:768:13:OSA_MutexUnlock	24	static
../framework/OSAbstraction/Source/fsl_os_abstraction_bm.c:793:13:OSA_MutexDestroy	16	static
../framework/OSAbstraction/Source/fsl_os_abstraction_bm.c:817:14:OSA_EventCreate	24	static
../framework/OSAbstraction/Source/fsl_os_abstraction_bm.c:848:13:OSA_EventSet	24	static
../framework/OSAbstraction/Source/fsl_os_abstraction_bm.c:880:13:OSA_EventClear	24	static
../framework/OSAbstraction/Source/fsl_os_abstraction_bm.c:923:13:OSA_EventWait	32	static
../framework/OSAbstraction/Source/fsl_os_abstraction_bm.c:1010:13:OSA_EventDestroy	16	static
../framework/OSAbstraction/Source/fsl_os_abstraction_bm.c:1036:13:OSA_MsgQCreate	16	static
../framework/OSAbstraction/Source/fsl_os_abstraction_bm.c:1071:13:OSA_MsgQPut	16	static
../framework/OSAbstraction/Source/fsl_os_abstraction_bm.c:1129:13:OSA_MsgQGet	24	static
../framework/OSAbstraction/Source/fsl_os_abstraction_bm.c:1211:13:OSA_MsgQDestroy	16	static
../framework/OSAbstraction/Source/fsl_os_abstraction_bm.c:1249:6:OSA_InterruptEnable	8	static
../framework/OSAbstraction/Source/fsl_os_abstraction_bm.c:1259:6:OSA_InterruptDisable	8	static
../framework/OSAbstraction/Source/fsl_os_abstraction_bm.c:1270:6:OSA_InstallIntHandler	16	static
../framework/OSAbstraction/Source/fsl_os_abstraction_bm.c:1288:5:main	8	static
../framework/OSAbstraction/Source/fsl_os_abstraction_bm.c:1317:14:osObjectAlloc	24	static
../framework/OSAbstraction/Source/fsl_os_abstraction_bm.c:1349:15:osObjectIsAllocated	24	static
../framework/OSAbstraction/Source/fsl_os_abstraction_bm.c:1384:13:osObjectFree	24	static
../framework/OSAbstraction/Source/fsl_os_abstraction_bm.c:1409:13:OSA_Init	8	static
../framework/OSAbstraction/Source/fsl_os_abstraction_bm.c:1424:6:OSA_Start	8	static
../framework/OSAbstraction/Source/fsl_os_abstraction_bm.c:1459:13:OSA_InsertTaskBefore	16	static
