../framework/OSAbstraction/Source/fsl_os_abstraction_bm.c:187:6:OSA_EnableIRQGlobal	8	static
../framework/OSAbstraction/Source/fsl_os_abstraction_bm.c:207:6:OSA_DisableIRQGlobal	8	static
../framework/OSAbstraction/Source/fsl_os_abstraction_bm.c:224:13:OSA_TaskGetId	8	static
../framework/OSAbstraction/Source/fsl_os_abstraction_bm.c:235:13:OSA_TaskYield	8	static
../framework/OSAbstraction/Source/fsl_os_abstraction_bm.c:246:19:OSA_TaskGetPriority	24	static
../framework/OSAbstraction/Source/fsl_os_abstraction_bm.c:258:13:OSA_TaskSetPriority	24	static
../framework/OSAbstraction/Source/fsl_os_abstraction_bm.c:310:6:task_init	16	static
../framework/OSAbstraction/Source/fsl_os_abstraction_bm.c:333:13:OSA_TaskCreate	32	static
../framework/OSAbstraction/Source/fsl_os_abstraction_bm.c:398:13:OSA_TaskDestroy	24	static
../framework/OSAbstraction/Source/fsl_os_abstraction_bm.c:437:18:OSA_TimeInit	8	static
../framework/OSAbstraction/Source/fsl_os_abstraction_bm.c:454:22:OSA_TimeDiff	16	static
../framework/OSAbstraction/Source/fsl_os_abstraction_bm.c:472:6:OSA_TimeDelay	24	static
../framework/OSAbstraction/Source/fsl_os_abstraction_bm.c:488:22:OSA_TimeGetMsec	8	static
../framework/OSAbstraction/Source/fsl_os_abstraction_bm.c:504:18:OSA_SemaphoreCreate	24	static
../framework/OSAbstraction/Source/fsl_os_abstraction_bm.c:535:13:OSA_SemaphoreDestroy	16	static
../framework/OSAbstraction/Source/fsl_os_abstraction_bm.c:564:13:OSA_SemaphoreWait	24	static
../framework/OSAbstraction/Source/fsl_os_abstraction_bm.c:634:13:OSA_SemaphorePost	24	static
../framework/OSAbstraction/Source/fsl_os_abstraction_bm.c:666:14:OSA_MutexCreate	16	static
../framework/OSAbstraction/Source/fsl_os_abstraction_bm.c:699:13:OSA_MutexLock	24	static
../framework/OSAbstraction/Source/fsl_os_abstraction_bm.c:767:13:OSA_MutexUnlock	24	static
../framework/OSAbstraction/Source/fsl_os_abstraction_bm.c:792:13:OSA_MutexDestroy	16	static
../framework/OSAbstraction/Source/fsl_os_abstraction_bm.c:816:14:OSA_EventCreate	24	static
../framework/OSAbstraction/Source/fsl_os_abstraction_bm.c:847:13:OSA_EventSet	24	static
../framework/OSAbstraction/Source/fsl_os_abstraction_bm.c:879:13:OSA_EventClear	24	static
../framework/OSAbstraction/Source/fsl_os_abstraction_bm.c:922:13:OSA_EventWait	32	static
../framework/OSAbstraction/Source/fsl_os_abstraction_bm.c:1009:13:OSA_EventDestroy	16	static
../framework/OSAbstraction/Source/fsl_os_abstraction_bm.c:1035:13:OSA_MsgQCreate	16	static
../framework/OSAbstraction/Source/fsl_os_abstraction_bm.c:1070:13:OSA_MsgQPut	16	static
../framework/OSAbstraction/Source/fsl_os_abstraction_bm.c:1128:13:OSA_MsgQGet	24	static
../framework/OSAbstraction/Source/fsl_os_abstraction_bm.c:1210:13:OSA_MsgQDestroy	16	static
../framework/OSAbstraction/Source/fsl_os_abstraction_bm.c:1248:6:OSA_InterruptEnable	8	static
../framework/OSAbstraction/Source/fsl_os_abstraction_bm.c:1258:6:OSA_InterruptDisable	8	static
../framework/OSAbstraction/Source/fsl_os_abstraction_bm.c:1269:6:OSA_InstallIntHandler	16	static
../framework/OSAbstraction/Source/fsl_os_abstraction_bm.c:1287:5:main	8	static
../framework/OSAbstraction/Source/fsl_os_abstraction_bm.c:1316:14:osObjectAlloc	24	static
../framework/OSAbstraction/Source/fsl_os_abstraction_bm.c:1348:15:osObjectIsAllocated	24	static
../framework/OSAbstraction/Source/fsl_os_abstraction_bm.c:1383:13:osObjectFree	24	static
../framework/OSAbstraction/Source/fsl_os_abstraction_bm.c:1408:13:OSA_Init	8	static
../framework/OSAbstraction/Source/fsl_os_abstraction_bm.c:1423:6:OSA_Start	8	static
../framework/OSAbstraction/Source/fsl_os_abstraction_bm.c:1458:13:OSA_InsertTaskBefore	16	static
